<html>
<body>
<pre>
<h1>礦ision Build Log</h1>
<h2>Tool Versions:</h2>
IDE-Version: μVision V5.15
Copyright (C) 2015 ARM Ltd and ARM Germany GmbH. All rights reserved.
License Information: 1 Z, 2, LIC=Y2BNN-YXDTR-MQ90F-6XBRL-JTC5L-MV3CS
 
Tool Versions:
Toolchain:       MDK-ARM Professional  Version: 5.15.0
Toolchain Path:  E:\MDK515\ARM\ARMCC\Bin
C Compiler:      Armcc.exe V5.05 update 2 (build 169)
Assembler:       Armasm.exe V5.05 update 2 (build 169)
Linker/Locator:  ArmLink.exe V5.05 update 2 (build 169)
Library Manager: ArmAr.exe V5.05 update 2 (build 169)
Hex Converter:   FromElf.exe V5.05 update 2 (build 169)
CPU DLL:         SARMCM3.DLL V5.15.0
Dialog DLL:      DCM.DLL V1.13.2.0
Target DLL:      Segger\JL2CM3.dll V2.99.15.0
Dialog DLL:      TCM.DLL V1.14.5.0
 
<h2>Project:</h2>
E:\四轴\F4-四轴\F450.uvprojx
Project File Date:  06/11/2020

<h2>Output:</h2>
*** Using Compiler 'V5.05 update 2 (build 169)', folder: 'E:\MDK515\ARM\ARMCC\Bin'
Rebuild target 'Target 1'
compiling main.c...
compiling sd_card.c...
Hardware\src\sd_card.c(695): warning:  #177-D: variable "delay_tick" was declared but never referenced
        u32 delay_tick=20;
Hardware\src\sd_card.c: 1 warning, 0 errors
compiling oledSPI.c...
Hardware\src\oledSPI.c(465): warning:  #1035-D: single-precision operand implicitly converted to double-precision
        if(data < 0.0)  LCD_P6x8char(x, y,'-');
Hardware\src\oledSPI.c(521): warning:  #1-D: last line of file ends without a newline
   
Hardware\src\oledSPI.c: 2 warnings, 0 errors
compiling Soft_IIC.c...
compiling dev_mpu9250.c...
compiling misc.c...
compiling stm32f4xx_adc.c...
compiling stm32f4xx_can.c...
compiling stm32f4xx_crc.c...
compiling stm32f4xx_cryp.c...
compiling stm32f4xx_cryp_aes.c...
compiling stm32f4xx_cryp_des.c...
compiling stm32f4xx_cryp_tdes.c...
compiling stm32f4xx_dac.c...
compiling stm32f4xx_dbgmcu.c...
compiling stm32f4xx_dcmi.c...
compiling stm32f4xx_dma.c...
compiling stm32f4xx_dma2d.c...
compiling stm32f4xx_exti.c...
compiling stm32f4xx_flash.c...
compiling stm32f4xx_flash_ramfunc.c...
compiling stm32f4xx_fsmc.c...
compiling stm32f4xx_gpio.c...
compiling stm32f4xx_hash.c...
compiling stm32f4xx_hash_md5.c...
compiling stm32f4xx_hash_sha1.c...
compiling stm32f4xx_i2c.c...
compiling stm32f4xx_iwdg.c...
compiling stm32f4xx_ltdc.c...
compiling stm32f4xx_pwr.c...
compiling stm32f4xx_rcc.c...
compiling stm32f4xx_rng.c...
compiling stm32f4xx_rtc.c...
compiling stm32f4xx_sai.c...
compiling stm32f4xx_sdio.c...
compiling stm32f4xx_spi.c...
compiling stm32f4xx_syscfg.c...
compiling stm32f4xx_tim.c...
compiling stm32f4xx_usart.c...
compiling stm32f4xx_wwdg.c...
compiling cfg_func_f407.c...
compiling system_stm32f4xx.c...
assembling startup_stm32f40_41xxx.s...
compiling stm32f4xx_it.c...
compiling diskio.c...
compiling ff.c...
compiling fat_func.c...
compiling F4_pwm.c...
linking...
Program Size: Code=14844 RO-data=1324 RW-data=724 ZI-data=7564  
FromELF: creating hex file...
".\Objects\cvboard_prg.axf" - 0 Error(s), 3 Warning(s).

<h2>Collection of Component include folders:</h2>
  E:\四轴\F4-四轴\RTE
  E:\MDK515\ARM\PACK\Keil\STM32F4xx_DFP\2.5.0\Drivers\CMSIS\Device\ST\STM32F4xx\Include

<h2>Collection of Component Files used:</h2>
</pre>
</body>
</html>
