Component: ARM Compiler 5.05 update 2 (build 169) Tool: armlink [4d0f33]

==============================================================================

Section Cross References

    main.o(i.NV_Operation) refers to stm32f4xx_gpio.o(i.GPIO_ReadInputDataBit) for GPIO_ReadInputDataBit
    main.o(i.NV_Operation) refers to f4_pwm.o(i.accelerator_motor_set) for accelerator_motor_set
    main.o(i.NV_Operation) refers to cfg_func_f407.o(i.Delay_ms) for Delay_ms
    main.o(i.NV_Operation) refers to dev_mpu9250.o(i.MPU9250_GetInfo) for MPU9250_GetInfo
    main.o(i.NV_Operation) refers to main.o(i.Param_Show) for Param_Show
    main.o(i.NV_Operation) refers to main.o(i.Param_Send) for Param_Send
    main.o(i.NV_Operation) refers to main.o(.data) for key_flag
    main.o(i.NV_Operation) refers to stm32f4xx_it.o(.data) for pwm_tmp
    main.o(i.Param_Send) refers to cfg_func_f407.o(i.vcan_send_wave) for vcan_send_wave
    main.o(i.Param_Send) refers to dev_mpu9250.o(.bss) for acc_filter
    main.o(i.Param_Send) refers to main.o(.bss) for f_data
    main.o(i.Param_Send) refers to dev_mpu9250.o(.data) for Pitch
    main.o(i.Param_Show) refers to oledspi.o(i.LCD_PrintValueF) for LCD_PrintValueF
    main.o(i.Param_Show) refers to oledspi.o(i.LCD_PrintValueI) for LCD_PrintValueI
    main.o(i.Param_Show) refers to oledspi.o(i.LCD_P6x8Str) for LCD_P6x8Str
    main.o(i.Param_Show) refers to dev_mpu9250.o(.bss) for gyro_filter
    main.o(i.Param_Show) refers to stm32f4xx_it.o(.data) for pwm_tmp
    main.o(i.Param_Show) refers to dev_mpu9250.o(.data) for Pitch
    main.o(i.main) refers to main.o(i.sys_init) for sys_init
    main.o(i.main) refers to main.o(i.NV_Operation) for NV_Operation
    main.o(i.sys_init) refers to misc.o(i.NVIC_PriorityGroupConfig) for NVIC_PriorityGroupConfig
    main.o(i.sys_init) refers to oledspi.o(i.OLED_Init) for OLED_Init
    main.o(i.sys_init) refers to dev_mpu9250.o(i.MPU9250_Init) for MPU9250_Init
    main.o(i.sys_init) refers to f4_pwm.o(i.pwm_init) for pwm_init
    main.o(i.sys_init) refers to cfg_func_f407.o(i.GPIO_Init_OutPP) for GPIO_Init_OutPP
    main.o(i.sys_init) refers to cfg_func_f407.o(i.GPIO_Init_InFL) for GPIO_Init_InFL
    main.o(i.sys_init) refers to cfg_func_f407.o(i.USART1_Init) for USART1_Init
    main.o(i.sys_init) refers to stm32f4xx_gpio.o(i.GPIO_ResetBits) for GPIO_ResetBits
    main.o(i.sys_init) refers to stm32f4xx_gpio.o(i.GPIO_SetBits) for GPIO_SetBits
    main.o(i.sys_init) refers to cfg_func_f407.o(i.TIM3_Int_Init) for TIM3_Int_Init
    main.o(.data) refers to main.o(.conststring) for .conststring
    sd_card.o(i.CmdError) refers to stm32f4xx_sdio.o(i.SDIO_GetFlagStatus) for SDIO_GetFlagStatus
    sd_card.o(i.CmdError) refers to stm32f4xx_sdio.o(i.SDIO_ClearFlag) for SDIO_ClearFlag
    sd_card.o(i.CmdResp1Error) refers to stm32f4xx_sdio.o(i.SDIO_GetFlagStatus) for SDIO_GetFlagStatus
    sd_card.o(i.CmdResp1Error) refers to stm32f4xx_sdio.o(i.SDIO_ClearFlag) for SDIO_ClearFlag
    sd_card.o(i.CmdResp2Error) refers to stm32f4xx_sdio.o(i.SDIO_ClearFlag) for SDIO_ClearFlag
    sd_card.o(i.CmdResp2Error) refers to stm32f4xx_sdio.o(i.SDIO_GetFlagStatus) for SDIO_GetFlagStatus
    sd_card.o(i.CmdResp3Error) refers to stm32f4xx_sdio.o(i.SDIO_GetFlagStatus) for SDIO_GetFlagStatus
    sd_card.o(i.CmdResp3Error) refers to stm32f4xx_sdio.o(i.SDIO_ClearFlag) for SDIO_ClearFlag
    sd_card.o(i.CmdResp6Error) refers to stm32f4xx_sdio.o(i.SDIO_GetFlagStatus) for SDIO_GetFlagStatus
    sd_card.o(i.CmdResp6Error) refers to stm32f4xx_sdio.o(i.SDIO_ClearFlag) for SDIO_ClearFlag
    sd_card.o(i.CmdResp7Error) refers to stm32f4xx_sdio.o(i.SDIO_ClearFlag) for SDIO_ClearFlag
    sd_card.o(i.FindSCR) refers to stm32f4xx_sdio.o(i.SDIO_SendCommand) for SDIO_SendCommand
    sd_card.o(i.FindSCR) refers to sd_card.o(i.CmdResp1Error) for CmdResp1Error
    sd_card.o(i.FindSCR) refers to stm32f4xx_sdio.o(i.SDIO_DataConfig) for SDIO_DataConfig
    sd_card.o(i.FindSCR) refers to stm32f4xx_sdio.o(i.SDIO_ClearFlag) for SDIO_ClearFlag
    sd_card.o(i.FindSCR) refers to stm32f4xx_sdio.o(i.SDIO_GetFlagStatus) for SDIO_GetFlagStatus
    sd_card.o(i.FindSCR) refers to sd_card.o(.data) for RCA
    sd_card.o(i.IsCardProgramming) refers to stm32f4xx_sdio.o(i.SDIO_SendCommand) for SDIO_SendCommand
    sd_card.o(i.IsCardProgramming) refers to stm32f4xx_sdio.o(i.SDIO_GetFlagStatus) for SDIO_GetFlagStatus
    sd_card.o(i.IsCardProgramming) refers to stm32f4xx_sdio.o(i.SDIO_ClearFlag) for SDIO_ClearFlag
    sd_card.o(i.IsCardProgramming) refers to sd_card.o(.data) for RCA
    sd_card.o(i.SDEnWideBus) refers to sd_card.o(i.FindSCR) for FindSCR
    sd_card.o(i.SDEnWideBus) refers to stm32f4xx_sdio.o(i.SDIO_SendCommand) for SDIO_SendCommand
    sd_card.o(i.SDEnWideBus) refers to sd_card.o(i.CmdResp1Error) for CmdResp1Error
    sd_card.o(i.SDEnWideBus) refers to sd_card.o(.data) for RCA
    sd_card.o(i.SDIO_IRQHandler) refers to sd_card.o(i.SD_ProcessIRQSrc) for SD_ProcessIRQSrc
[...]
    System\src\stm32f4xx_it.c                0x00000000   Number         0  stm32f4xx_it.o ABSOLUTE
    System\src\system_stm32f4xx.c            0x00000000   Number         0  system_stm32f4xx.o ABSOLUTE
    User\\main.c                             0x00000000   Number         0  main.o ABSOLUTE
    User\main.c                              0x00000000   Number         0  main.o ABSOLUTE
    dc.s                                     0x00000000   Number         0  dc.o ABSOLUTE
    RESET                                    0x08000000   Section      392  startup_stm32f40_41xxx.o(RESET)
    !!!main                                  0x08000188   Section        8  __main.o(!!!main)
    !!!scatter                               0x08000190   Section       52  __scatter.o(!!!scatter)
    !!dczerorl2                              0x080001c4   Section       90  __dczerorl2.o(!!dczerorl2)
    !!handler_zi                             0x08000220   Section       28  __scatter_zi.o(!!handler_zi)
    .ARM.Collect$$libinit$$00000000          0x0800023c   Section        2  libinit.o(.ARM.Collect$$libinit$$00000000)
    .ARM.Collect$$libinit$$00000001          0x0800023e   Section        4  libinit2.o(.ARM.Collect$$libinit$$00000001)
    .ARM.Collect$$libinit$$00000004          0x08000242   Section        0  libinit2.o(.ARM.Collect$$libinit$$00000004)
    .ARM.Collect$$libinit$$0000000A          0x08000242   Section        0  libinit2.o(.ARM.Collect$$libinit$$0000000A)
    .ARM.Collect$$libinit$$0000000C          0x08000242   Section        0  libinit2.o(.ARM.Collect$$libinit$$0000000C)
    .ARM.Collect$$libinit$$0000000E          0x08000242   Section        0  libinit2.o(.ARM.Collect$$libinit$$0000000E)
    .ARM.Collect$$libinit$$00000011          0x08000242   Section        0  libinit2.o(.ARM.Collect$$libinit$$00000011)
    .ARM.Collect$$libinit$$00000013          0x08000242   Section        0  libinit2.o(.ARM.Collect$$libinit$$00000013)
    .ARM.Collect$$libinit$$00000015          0x08000242   Section        0  libinit2.o(.ARM.Collect$$libinit$$00000015)
    .ARM.Collect$$libinit$$00000017          0x08000242   Section        0  libinit2.o(.ARM.Collect$$libinit$$00000017)
    .ARM.Collect$$libinit$$00000019          0x08000242   Section        0  libinit2.o(.ARM.Collect$$libinit$$00000019)
    .ARM.Collect$$libinit$$0000001B          0x08000242   Section        0  libinit2.o(.ARM.Collect$$libinit$$0000001B)
    .ARM.Collect$$libinit$$0000001D          0x08000242   Section        0  libinit2.o(.ARM.Collect$$libinit$$0000001D)
    .ARM.Collect$$libinit$$0000001F          0x08000242   Section        0  libinit2.o(.ARM.Collect$$libinit$$0000001F)
    .ARM.Collect$$libinit$$00000021          0x08000242   Section        0  libinit2.o(.ARM.Collect$$libinit$$00000021)
    .ARM.Collect$$libinit$$00000023          0x08000242   Section        0  libinit2.o(.ARM.Collect$$libinit$$00000023)
    .ARM.Collect$$libinit$$00000025          0x08000242   Section        0  libinit2.o(.ARM.Collect$$libinit$$00000025)
    .ARM.Collect$$libinit$$0000002C          0x08000242   Section        0  libinit2.o(.ARM.Collect$$libinit$$0000002C)
    .ARM.Collect$$libinit$$0000002E          0x08000242   Section        0  libinit2.o(.ARM.Collect$$libinit$$0000002E)
    .ARM.Collect$$libinit$$00000030          0x08000242   Section        0  libinit2.o(.ARM.Collect$$libinit$$00000030)
    .ARM.Collect$$libinit$$00000032          0x08000242   Section        0  libinit2.o(.ARM.Collect$$libinit$$00000032)
    .ARM.Collect$$libinit$$00000033          0x08000242   Section        2  libinit2.o(.ARM.Collect$$libinit$$00000033)
    .ARM.Collect$$libshutdown$$00000000      0x08000244   Section        2  libshutdown.o(.ARM.Collect$$libshutdown$$00000000)
    .ARM.Collect$$libshutdown$$00000003      0x08000246   Section        0  libshutdown2.o(.ARM.Collect$$libshutdown$$00000003)
    .ARM.Collect$$libshutdown$$00000006      0x08000246   Section        0  libshutdown2.o(.ARM.Collect$$libshutdown$$00000006)
    .ARM.Collect$$libshutdown$$00000009      0x08000246   Section        0  libshutdown2.o(.ARM.Collect$$libshutdown$$00000009)
    .ARM.Collect$$libshutdown$$0000000B      0x08000246   Section        0  libshutdown2.o(.ARM.Collect$$libshutdown$$0000000B)
    .ARM.Collect$$libshutdown$$0000000E      0x08000246   Section        0  libshutdown2.o(.ARM.Collect$$libshutdown$$0000000E)
    .ARM.Collect$$libshutdown$$0000000F      0x08000246   Section        2  libshutdown2.o(.ARM.Collect$$libshutdown$$0000000F)
    .ARM.Collect$$rtentry$$00000000          0x08000248   Section        0  __rtentry.o(.ARM.Collect$$rtentry$$00000000)
    .ARM.Collect$$rtentry$$00000002          0x08000248   Section        0  __rtentry2.o(.ARM.Collect$$rtentry$$00000002)
    .ARM.Collect$$rtentry$$00000004          0x08000248   Section        6  __rtentry4.o(.ARM.Collect$$rtentry$$00000004)
    .ARM.Collect$$rtentry$$00000009          0x0800024e   Section        0  __rtentry2.o(.ARM.Collect$$rtentry$$00000009)
    .ARM.Collect$$rtentry$$0000000A          0x0800024e   Section        4  __rtentry2.o(.ARM.Collect$$rtentry$$0000000A)
    .ARM.Collect$$rtentry$$0000000C          0x08000252   Section        0  __rtentry2.o(.ARM.Collect$$rtentry$$0000000C)
    .ARM.Collect$$rtentry$$0000000D          0x08000252   Section        8  __rtentry2.o(.ARM.Collect$$rtentry$$0000000D)
    .ARM.Collect$$rtexit$$00000000           0x0800025a   Section        2  rtexit.o(.ARM.Collect$$rtexit$$00000000)
    .ARM.Collect$$rtexit$$00000002           0x0800025c   Section        0  rtexit2.o(.ARM.Collect$$rtexit$$00000002)
    .ARM.Collect$$rtexit$$00000003           0x0800025c   Section        4  rtexit2.o(.ARM.Collect$$rtexit$$00000003)
    .ARM.Collect$$rtexit$$00000004           0x08000260   Section        6  rtexit2.o(.ARM.Collect$$rtexit$$00000004)
    .text                                    0x08000268   Section       64  startup_stm32f40_41xxx.o(.text)
    $v0                                      0x08000268   Number         0  startup_stm32f40_41xxx.o(.text)
    .text                                    0x080002a8   Section      138  rt_memcpy_v6.o(.text)
    .text                                    0x08000332   Section        0  heapauxi.o(.text)
    .text                                    0x08000338   Section        0  _rserrno.o(.text)
    .text                                    0x0800034e   Section      100  rt_memcpy_w.o(.text)
    .text                                    0x080003b4   Section        8  rt_errno_addr_intlibspace.o(.text)
    .text                                    0x080003bc   Section        8  libspace.o(.text)
    .text                                    0x080003c4   Section       74  sys_stackheap_outer.o(.text)
    .text                                    0x0800040e   Section        0  exit.o(.text)
    .text                                    0x0800041c   Section        0  sys_exit.o(.text)
    .text                                    0x08000428   Section        2  use_no_semi.o(.text)
    .text                                    0x0800042a   Section        0  indicate_semi.o(.text)
    i.BusFault_Handler                       0x0800042a   Section        0  stm32f4xx_it.o(i.BusFault_Handler)
    i.CmdResp1Error                          0x08000430   Section        0  sd_card.o(i.CmdResp1Error)
    i.DMA2_Stream7_IRQHandler                0x08000494   Section        0  stm32f4xx_it.o(i.DMA2_Stream7_IRQHandler)
    i.DMA_ClearFlag                          0x080004bc   Section        0  stm32f4xx_dma.o(i.DMA_ClearFlag)
    i.DMA_Cmd                                0x080004f0   Section        0  stm32f4xx_dma.o(i.DMA_Cmd)
    i.DMA_DeInit                             0x08000508   Section        0  stm32f4xx_dma.o(i.DMA_DeInit)
    i.DMA_GetCmdStatus                       0x08000660   Section        0  stm32f4xx_dma.o(i.DMA_GetCmdStatus)
    i.DMA_GetITStatus                        0x08000674   Section        0  stm32f4xx_dma.o(i.DMA_GetITStatus)
    i.DMA_ITConfig                           0x080006d8   Section        0  stm32f4xx_dma.o(i.DMA_ITConfig)
    i.DMA_Init                               0x08000714   Section        0  stm32f4xx_dma.o(i.DMA_Init)
    i.DMA_SetCurrDataCounter                 0x0800076c   Section        0  stm32f4xx_dma.o(i.DMA_SetCurrDataCounter)
    i.Delay_ms                               0x08000770   Section        0  cfg_func_f407.o(i.Delay_ms)
    i.GPIO_Init                              0x080007a4   Section        0  stm32f4xx_gpio.o(i.GPIO_Init)
    i.GPIO_Init_InFL                         0x08000834   Section        0  cfg_func_f407.o(i.GPIO_Init_InFL)
    i.GPIO_Init_OutPP                        0x0800085e   Section        0  cfg_func_f407.o(i.GPIO_Init_OutPP)
    i.GPIO_PinAFConfig                       0x08000888   Section        0  stm32f4xx_gpio.o(i.GPIO_PinAFConfig)
    i.GPIO_ReadInputDataBit                  0x080008ce   Section        0  stm32f4xx_gpio.o(i.GPIO_ReadInputDataBit)
    i.GPIO_ResetBits                         0x080008e0   Section        0  stm32f4xx_gpio.o(i.GPIO_ResetBits)
    i.GPIO_SetBits                           0x080008e4   Section        0  stm32f4xx_gpio.o(i.GPIO_SetBits)
    i.GetData                                0x080008e8   Section        0  dev_mpu9250.o(i.GetData)
    GetData                                  0x080008e9   Thumb Code   606  dev_mpu9250.o(i.GetData)
    i.HardFault_Handler                      0x08000b90   Section        0  stm32f4xx_it.o(i.HardFault_Handler)
    i.I2C_SendACK                            0x08000b94   Section        0  soft_iic.o(i.I2C_SendACK)
    I2C_SendACK                              0x08000b95   Thumb Code    72  soft_iic.o(i.I2C_SendACK)
    i.IIC_start                              0x08000be0   Section        0  soft_iic.o(i.IIC_start)
    IIC_start                                0x08000be1   Thumb Code    52  soft_iic.o(i.IIC_start)
    i.IIC_stop                               0x08000c18   Section        0  soft_iic.o(i.IIC_stop)
    IIC_stop                                 0x08000c19   Thumb Code    56  soft_iic.o(i.IIC_stop)
    i.LCD_CLS                                0x08000c54   Section        0  oledspi.o(i.LCD_CLS)
    i.LCD_Fill                               0x08000c8c   Section        0  oledspi.o(i.LCD_Fill)
    i.LCD_P6x8Str                            0x08000cc8   Section        0  oledspi.o(i.LCD_P6x8Str)
    i.LCD_P6x8char                           0x08000d2c   Section        0  oledspi.o(i.LCD_P6x8char)
    i.LCD_PrintValueF                        0x08000d78   Section        0  oledspi.o(i.LCD_PrintValueF)
    i.LCD_PrintValueI                        0x08001020   Section        0  oledspi.o(i.LCD_PrintValueI)
    i.LCD_Set_Pos                            0x080010fa   Section        0  oledspi.o(i.LCD_Set_Pos)
    i.LCD_WrCmd                              0x08001124   Section        0  oledspi.o(i.LCD_WrCmd)
    i.LCD_WrDat                              0x080011a8   Section        0  oledspi.o(i.LCD_WrDat)
    i.LED_PrintValueFP                       0x0800122c   Section        0  oledspi.o(i.LED_PrintValueFP)
    i.LPButterworth                          0x08001352   Section        0  dev_mpu9250.o(i.LPButterworth)
    i.MPU9250_GetInfo                        0x080013c0   Section        0  dev_mpu9250.o(i.MPU9250_GetInfo)
    i.MPU9250_Init                           0x08001488   Section        0  dev_mpu9250.o(i.MPU9250_Init)
    i.MPU_Offset_Init                        0x08001500   Section        0  dev_mpu9250.o(i.MPU_Offset_Init)
    i.MemManage_Handler                      0x08001588   Section        0  stm32f4xx_it.o(i.MemManage_Handler)
    i.NVIC_Init                              0x0800158c   Section        0  misc.o(i.NVIC_Init)
    i.NVIC_PriorityGroupConfig               0x08001604   Section        0  misc.o(i.NVIC_PriorityGroupConfig)
    i.NV_Operation                           0x08001618   Section        0  main.o(i.NV_Operation)
    NV_Operation                             0x08001619   Thumb Code   136  main.o(i.NV_Operation)
    i.OLED_GPIO_init                         0x080016b8   Section        0  oledspi.o(i.OLED_GPIO_init)
    i.OLED_Init                              0x080016fc   Section        0  oledspi.o(i.OLED_Init)
    i.Param_Send                             0x080017f4   Section        0  main.o(i.Param_Send)
    Param_Send                               0x080017f5   Thumb Code   146  main.o(i.Param_Send)
    i.Param_Show                             0x080018a8   Section        0  main.o(i.Param_Show)
    Param_Show                               0x080018a9   Thumb Code   226  main.o(i.Param_Show)
    i.RCC_AHB1PeriphClockCmd                 0x080019b0   Section        0  stm32f4xx_rcc.o(i.RCC_AHB1PeriphClockCmd)
    i.RCC_APB1PeriphClockCmd                 0x080019d0   Section        0  stm32f4xx_rcc.o(i.RCC_APB1PeriphClockCmd)
    i.RCC_APB2PeriphClockCmd                 0x080019f0   Section        0  stm32f4xx_rcc.o(i.RCC_APB2PeriphClockCmd)
    i.RCC_GPIO_Open                          0x08001a10   Section        0  cfg_func_f407.o(i.RCC_GPIO_Open)
    i.RCC_GetClocksFreq                      0x08001af0   Section        0  stm32f4xx_rcc.o(i.RCC_GetClocksFreq)
    i.SCCB_WaitAck                           0x08001bd8   Section        0  soft_iic.o(i.SCCB_WaitAck)
    SCCB_WaitAck                             0x08001bd9   Thumb Code    74  soft_iic.o(i.SCCB_WaitAck)
    i.SDIO_ClearFlag                         0x08001c28   Section        0  stm32f4xx_sdio.o(i.SDIO_ClearFlag)
    i.SDIO_GetFlagStatus                     0x08001c34   Section        0  stm32f4xx_sdio.o(i.SDIO_GetFlagStatus)
    i.SDIO_IRQHandler                        0x08001c4c   Section        0  sd_card.o(i.SDIO_IRQHandler)
    i.SDIO_SendCommand                       0x08001c54   Section        0  stm32f4xx_sdio.o(i.SDIO_SendCommand)
    i.SD_ProcessIRQSrc                       0x08001c80   Section        0  sd_card.o(i.SD_ProcessIRQSrc)
    i.SetSysClock                            0x08001dd0   Section        0  system_stm32f4xx.o(i.SetSysClock)
    SetSysClock                              0x08001dd1   Thumb Code   220  system_stm32f4xx.o(i.SetSysClock)
    i.Set_Cutoff_Frequency                   0x08001ebc   Section        0  dev_mpu9250.o(i.Set_Cutoff_Frequency)
    i.SysTick_Config                         0x08001f90   Section        0  cfg_func_f407.o(i.SysTick_Config)
    SysTick_Config                           0x08001f91   Thumb Code    74  cfg_func_f407.o(i.SysTick_Config)
    i.SysTick_Handler                        0x08001fe4   Section        0  stm32f4xx_it.o(i.SysTick_Handler)
    i.SystemInit                             0x08001fec   Section        0  system_stm32f4xx.o(i.SystemInit)
    i.TIM2_IRQHandler                        0x08002054   Section        0  stm32f4xx_it.o(i.TIM2_IRQHandler)
    i.TIM3_IRQHandler                        0x0800206c   Section        0  stm32f4xx_it.o(i.TIM3_IRQHandler)
    i.TIM3_Int_Init                          0x08002108   Section        0  cfg_func_f407.o(i.TIM3_Int_Init)
    i.TIM_ARRPreloadConfig                   0x08002164   Section        0  stm32f4xx_tim.o(i.TIM_ARRPreloadConfig)
    i.TIM_ClearITPendingBit                  0x0800217c   Section        0  stm32f4xx_tim.o(i.TIM_ClearITPendingBit)
    i.TIM_Cmd                                0x08002182   Section        0  stm32f4xx_tim.o(i.TIM_Cmd)
    i.TIM_GetITStatus                        0x0800219a   Section        0  stm32f4xx_tim.o(i.TIM_GetITStatus)
    i.TIM_ITConfig                           0x080021bc   Section        0  stm32f4xx_tim.o(i.TIM_ITConfig)
    i.TIM_OC1Init                            0x080021d0   Section        0  stm32f4xx_tim.o(i.TIM_OC1Init)
    i.TIM_OC1PreloadConfig                   0x0800224c   Section        0  stm32f4xx_tim.o(i.TIM_OC1PreloadConfig)
    i.TIM_OC2Init                            0x08002260   Section        0  stm32f4xx_tim.o(i.TIM_OC2Init)
    i.TIM_OC2PreloadConfig                   0x08002304   Section        0  stm32f4xx_tim.o(i.TIM_OC2PreloadConfig)
    i.TIM_OC3Init                            0x08002320   Section        0  stm32f4xx_tim.o(i.TIM_OC3Init)
    i.TIM_OC3PreloadConfig                   0x080023c0   Section        0  stm32f4xx_tim.o(i.TIM_OC3PreloadConfig)
    i.TIM_OC4Init                            0x080023d4   Section        0  stm32f4xx_tim.o(i.TIM_OC4Init)
    i.TIM_OC4PreloadConfig                   0x0800244c   Section        0  stm32f4xx_tim.o(i.TIM_OC4PreloadConfig)
    i.TIM_SetCompare1                        0x08002466   Section        0  stm32f4xx_tim.o(i.TIM_SetCompare1)
    i.TIM_SetCompare2                        0x0800246a   Section        0  stm32f4xx_tim.o(i.TIM_SetCompare2)
    i.TIM_SetCompare3                        0x0800246e   Section        0  stm32f4xx_tim.o(i.TIM_SetCompare3)
    i.TIM_SetCompare4                        0x08002472   Section        0  stm32f4xx_tim.o(i.TIM_SetCompare4)
    i.TIM_TimeBaseInit                       0x08002478   Section        0  stm32f4xx_tim.o(i.TIM_TimeBaseInit)
    i.TimingDelay_Decrement                  0x080024fc   Section        0  cfg_func_f407.o(i.TimingDelay_Decrement)
    i.USART1_IRQHandler                      0x08002514   Section        0  stm32f4xx_it.o(i.USART1_IRQHandler)
    i.USART1_Init                            0x08002534   Section        0  cfg_func_f407.o(i.USART1_Init)
    i.USART1_SendChar                        0x08002680   Section        0  cfg_func_f407.o(i.USART1_SendChar)
    i.USART_ClearFlag                        0x080026a0   Section        0  stm32f4xx_usart.o(i.USART_ClearFlag)
    i.USART_Cmd                              0x080026b2   Section        0  stm32f4xx_usart.o(i.USART_Cmd)
    i.USART_DMACmd                           0x080026ca   Section        0  stm32f4xx_usart.o(i.USART_DMACmd)
    i.USART_GetFlagStatus                    0x080026dc   Section        0  stm32f4xx_usart.o(i.USART_GetFlagStatus)
    i.USART_GetITStatus                      0x080026f6   Section        0  stm32f4xx_usart.o(i.USART_GetITStatus)
    i.USART_Init                             0x0800274c   Section        0  stm32f4xx_usart.o(i.USART_Init)
    i.UsageFault_Handler                     0x08002820   Section        0  stm32f4xx_it.o(i.UsageFault_Handler)
    i.__ARM_fpclassifyf                      0x08002824   Section        0  fpclassifyf.o(i.__ARM_fpclassifyf)
    i.__hardfp_asinf                         0x0800284c   Section        0  asinf.o(i.__hardfp_asinf)
    i.__hardfp_atan2f                        0x08002978   Section        0  atan2f.o(i.__hardfp_atan2f)
    i.__hardfp_cosf                          0x08002bc8   Section        0  cosf.o(i.__hardfp_cosf)
    i.__hardfp_sqrt                          0x08002d18   Section        0  sqrt.o(i.__hardfp_sqrt)
    i.__hardfp_tanf                          0x08002d94   Section        0  tanf.o(i.__hardfp_tanf)
    i.__mathlib_flt_infnan                   0x08002f10   Section        0  funder.o(i.__mathlib_flt_infnan)
    i.__mathlib_flt_infnan2                  0x08002f16   Section        0  funder.o(i.__mathlib_flt_infnan2)
    i.__mathlib_flt_invalid                  0x08002f1c   Section        0  funder.o(i.__mathlib_flt_invalid)
    i.__mathlib_flt_underflow                0x08002f2c   Section        0  funder.o(i.__mathlib_flt_underflow)
    i.__mathlib_rredf2                       0x08002f3c   Section        0  rredf.o(i.__mathlib_rredf2)
    i.accelerator_motor_set                  0x08003090   Section        0  f4_pwm.o(i.accelerator_motor_set)
    i.dma_send                               0x080030fc   Section        0  cfg_func_f407.o(i.dma_send)
    i.icm20602_self1_check                   0x08003128   Section        0  dev_mpu9250.o(i.icm20602_self1_check)
    i.imuComputeRotationMatrix               0x08003148   Section        0  dev_mpu9250.o(i.imuComputeRotationMatrix)
    imuComputeRotationMatrix                 0x08003149   Thumb Code   328  dev_mpu9250.o(i.imuComputeRotationMatrix)
    i.imuUpdate                              0x08003294   Section        0  dev_mpu9250.o(i.imuUpdate)
    imuUpdate                                0x08003295   Thumb Code  1056  dev_mpu9250.o(i.imuUpdate)
    i.invSqrt                                0x080036b4   Section        0  dev_mpu9250.o(i.invSqrt)
    invSqrt                                  0x080036b5   Thumb Code    56  dev_mpu9250.o(i.invSqrt)
    i.main                                   0x080036f0   Section        0  main.o(i.main)
    i.motor_pwm2tim                          0x080036fc   Section        0  f4_pwm.o(i.motor_pwm2tim)
    i.oled_Delay                             0x08003728   Section        0  oledspi.o(i.oled_Delay)
    i.pwm_init                               0x08003734   Section        0  f4_pwm.o(i.pwm_init)
    i.read_ch                                0x0800387c   Section        0  soft_iic.o(i.read_ch)
    read_ch                                  0x0800387d   Thumb Code   118  soft_iic.o(i.read_ch)
    i.send_ch                                0x080038f8   Section        0  soft_iic.o(i.send_ch)
    send_ch                                  0x080038f9   Thumb Code    84  soft_iic.o(i.send_ch)
    i.simiic_delay                           0x08003950   Section        0  soft_iic.o(i.simiic_delay)
    simiic_delay                             0x08003951   Thumb Code    16  soft_iic.o(i.simiic_delay)
    i.simiic_read_reg                        0x08003960   Section        0  soft_iic.o(i.simiic_read_reg)
    i.simiic_read_regs                       0x080039aa   Section        0  soft_iic.o(i.simiic_read_regs)
    i.simiic_write_reg                       0x08003a0c   Section        0  soft_iic.o(i.simiic_write_reg)
    i.soft_iic_io_init                       0x08003a38   Section        0  soft_iic.o(i.soft_iic_io_init)
    i.sqrtf                                  0x08003a64   Section        0  sqrtf.o(i.sqrtf)
    i.sys_init                               0x08003aa4   Section        0  main.o(i.sys_init)
    sys_init                                 0x08003aa5   Thumb Code    86  main.o(i.sys_init)
    i.vcan_send_wave                         0x08003b04   Section        0  cfg_func_f407.o(i.vcan_send_wave)
    x$fpl$d2f                                0x08003b40   Section       98  d2f.o(x$fpl$d2f)
    $v0                                      0x08003b40   Number         0  d2f.o(x$fpl$d2f)
    x$fpl$dcmpinf                            0x08003ba2   Section       24  dcmpi.o(x$fpl$dcmpinf)
    $v0                                      0x08003ba2   Number         0  dcmpi.o(x$fpl$dcmpinf)
    x$fpl$dleqf                              0x08003bbc   Section      120  dleqf.o(x$fpl$dleqf)
    $v0                                      0x08003bbc   Number         0  dleqf.o(x$fpl$dleqf)
    x$fpl$dnaninf                            0x08003c34   Section      156  dnaninf.o(x$fpl$dnaninf)
    $v0                                      0x08003c34   Number         0  dnaninf.o(x$fpl$dnaninf)
    x$fpl$dretinf                            0x08003cd0   Section       12  dretinf.o(x$fpl$dretinf)
    $v0                                      0x08003cd0   Number         0  dretinf.o(x$fpl$dretinf)
    x$fpl$dsqrt                              0x08003cdc   Section      408  dsqrt_umaal.o(x$fpl$dsqrt)
    $v0                                      0x08003cdc   Number         0  dsqrt_umaal.o(x$fpl$dsqrt)
    x$fpl$f2d                                0x08003e74   Section       86  f2d.o(x$fpl$f2d)
    $v0                                      0x08003e74   Number         0  f2d.o(x$fpl$f2d)
    x$fpl$fnaninf                            0x08003eca   Section      140  fnaninf.o(x$fpl$fnaninf)
    $v0                                      0x08003eca   Number         0  fnaninf.o(x$fpl$fnaninf)
    x$fpl$fpinit                             0x08003f56   Section       10  fpinit.o(x$fpl$fpinit)
    $v0                                      0x08003f56   Number         0  fpinit.o(x$fpl$fpinit)
    x$fpl$fretinf                            0x08003f60   Section       10  fretinf.o(x$fpl$fretinf)
    $v0                                      0x08003f60   Number         0  fretinf.o(x$fpl$fretinf)
    .constdata                               0x08003f6a   Section      552  oledspi.o(.constdata)
    x$fpl$usenofp                            0x08003f6a   Section        0  usenofp.o(x$fpl$usenofp)
    .constdata                               0x08004194   Section       32  rredf.o(.constdata)
    twooverpi                                0x08004194   Data          32  rredf.o(.constdata)
    .conststring                             0x080041b4   Section      313  main.o(.conststring)
    .data                                    0x20000000   Section       85  main.o(.data)
    FR_Table                                 0x20000000   Data          80  main.o(.data)
    .data                                    0x20000058   Section       96  sd_card.o(.data)
    FR_Table                                 0x20000058   Data          80  sd_card.o(.data)
    CardType                                 0x200000a8   Data           1  sd_card.o(.data)
    RCA                                      0x200000ac   Data           4  sd_card.o(.data)
    DeviceMode                               0x200000b0   Data           1  sd_card.o(.data)
    StopCondition                            0x200000b1   Data           1  sd_card.o(.data)
    .data                                    0x200000b8   Section      236  dev_mpu9250.o(.data)
    FR_Table                                 0x200000b8   Data          80  dev_mpu9250.o(.data)
    .data                                    0x200001a4   Section       16  stm32f4xx_rcc.o(.data)
    APBAHBPrescTable                         0x200001a4   Data          16  stm32f4xx_rcc.o(.data)
    .data                                    0x200001b4   Section       96  cfg_func_f407.o(.data)
    FR_Table                                 0x200001b4   Data          80  cfg_func_f407.o(.data)
    TimingDelay                              0x20000208   Data           4  cfg_func_f407.o(.data)
    cmdf                                     0x20000210   Data           2  cfg_func_f407.o(.data)
    cmdr                                     0x20000212   Data           2  cfg_func_f407.o(.data)
    .data                                    0x20000214   Section       20  system_stm32f4xx.o(.data)
    .data                                    0x20000228   Section       84  stm32f4xx_it.o(.data)
    FR_Table                                 0x20000228   Data          80  stm32f4xx_it.o(.data)
    ms20_count                               0x2000027a   Data           1  stm32f4xx_it.o(.data)
    ms100_count                              0x2000027b   Data           1  stm32f4xx_it.o(.data)
    .data                                    0x2000027c   Section       88  f4_pwm.o(.data)
    FR_Table                                 0x2000027c   Data          80  f4_pwm.o(.data)
    accelerator_motor                        0x200002cc   Data           8  f4_pwm.o(.data)
    .bss                                     0x200002d4   Section       58  main.o(.bss)
    .bss                                     0x20000310   Section      576  dev_mpu9250.o(.bss)
    .bss                                     0x20000550   Section     1708  cfg_func_f407.o(.bss)
    .bss                                     0x20000bfc   Section       96  libspace.o(.bss)
    HEAP                                     0x20000c60   Section     4096  startup_stm32f40_41xxx.o(HEAP)
    Heap_Mem                                 0x20000c60   Data        4096  startup_stm32f40_41xxx.o(HEAP)
    STACK                                    0x20001c60   Section     1024  startup_stm32f40_41xxx.o(STACK)
    Stack_Mem                                0x20001c60   Data        1024  startup_stm32f40_41xxx.o(STACK)
    __initial_sp                             0x20002060   Data           0  startup_stm32f40_41xxx.o(STACK)

    Global Symbols

    Symbol Name                              Value     Ov Type        Size  Object(Section)

    BuildAttributes$$THM_ISAv4$E$P$D$K$B$S$7EM$VFPi3$EXTD16$VFPS$VFMA$PE$A:L22UL41UL21$X:L11$S22US41US21$IEEE1$IW$USESV6$~STKCKD$USESV7$~SHL$OTIME$ROPI$IEEEX$EBA8$UX$STANDARDLIB$REQ8$PRES8$EABIv2 0x00000000   Number         0  anon$$obj.o ABSOLUTE
    __ARM_use_no_argv                        0x00000000   Number         0  main.o ABSOLUTE
    __ARM_exceptions_init                     - Undefined Weak Reference
    __alloca_initialize                       - Undefined Weak Reference
    __arm_preinit_                            - Undefined Weak Reference
    __cpp_initialize__aeabi_                  - Undefined Weak Reference
    __cxa_finalize                            - Undefined Weak Reference
    __rt_locale                               - Undefined Weak Reference
    __sigvec_lookup                           - Undefined Weak Reference
    _atexit_init                              - Undefined Weak Reference
    _call_atexit_fns                          - Undefined Weak Reference
    _clock_init                               - Undefined Weak Reference
    _fp_trap_init                             - Undefined Weak Reference
    _fp_trap_shutdown                         - Undefined Weak Reference
    _get_lc_collate                           - Undefined Weak Reference
    _get_lc_ctype                             - Undefined Weak Reference
    _get_lc_monetary                          - Undefined Weak Reference
    _get_lc_numeric                           - Undefined Weak Reference
    _get_lc_time                              - Undefined Weak Reference
    _getenv_init                              - Undefined Weak Reference
    _handle_redirection                       - Undefined Weak Reference
    _init_alloc                               - Undefined Weak Reference
    _init_user_alloc                          - Undefined Weak Reference
    _initio                                   - Undefined Weak Reference
    _rand_init                                - Undefined Weak Reference
    _signal_finish                            - Undefined Weak Reference
    _signal_init                              - Undefined Weak Reference
    _terminate_alloc                          - Undefined Weak Reference
    _terminate_user_alloc                     - Undefined Weak Reference
    _terminateio                              - Undefined Weak Reference
    __Vectors_Size                           0x00000188   Number         0  startup_stm32f40_41xxx.o ABSOLUTE
    __Vectors                                0x08000000   Data           4  startup_stm32f40_41xxx.o(RESET)
    __Vectors_End                            0x08000188   Data           0  startup_stm32f40_41xxx.o(RESET)
    __main                                   0x08000189   Thumb Code     8  __main.o(!!!main)
    __scatterload                            0x08000191   Thumb Code     0  __scatter.o(!!!scatter)
    __scatterload_rt2                        0x08000191   Thumb Code    44  __scatter.o(!!!scatter)
    __scatterload_rt2_thumb_only             0x08000191   Thumb Code     0  __scatter.o(!!!scatter)
    __scatterload_null                       0x0800019f   Thumb Code     0  __scatter.o(!!!scatter)
    __decompress                             0x080001c5   Thumb Code    90  __dczerorl2.o(!!dczerorl2)
    __decompress1                            0x080001c5   Thumb Code     0  __dczerorl2.o(!!dczerorl2)
    __scatterload_zeroinit                   0x08000221   Thumb Code    28  __scatter_zi.o(!!handler_zi)
    __rt_lib_init                            0x0800023d   Thumb Code     0  libinit.o(.ARM.Collect$$libinit$$00000000)
    __rt_lib_init_fp_1                       0x0800023f   Thumb Code     0  libinit2.o(.ARM.Collect$$libinit$$00000001)
    __rt_lib_init_alloca_1                   0x08000243   Thumb Code     0  libinit2.o(.ARM.Collect$$libinit$$0000002E)
    __rt_lib_init_argv_1                     0x08000243   Thumb Code     0  libinit2.o(.ARM.Collect$$libinit$$0000002C)
    __rt_lib_init_atexit_1                   0x08000243   Thumb Code     0  libinit2.o(.ARM.Collect$$libinit$$0000001B)
    __rt_lib_init_clock_1                    0x08000243   Thumb Code     0  libinit2.o(.ARM.Collect$$libinit$$00000021)
    __rt_lib_init_cpp_1                      0x08000243   Thumb Code     0  libinit2.o(.ARM.Collect$$libinit$$00000032)
    __rt_lib_init_exceptions_1               0x08000243   Thumb Code     0  libinit2.o(.ARM.Collect$$libinit$$00000030)
    __rt_lib_init_fp_trap_1                  0x08000243   Thumb Code     0  libinit2.o(.ARM.Collect$$libinit$$0000001F)
    __rt_lib_init_getenv_1                   0x08000243   Thumb Code     0  libinit2.o(.ARM.Collect$$libinit$$00000023)
    __rt_lib_init_heap_1                     0x08000243   Thumb Code     0  libinit2.o(.ARM.Collect$$libinit$$0000000A)
    __rt_lib_init_lc_collate_1               0x08000243   Thumb Code     0  libinit2.o(.ARM.Collect$$libinit$$00000011)
    __rt_lib_init_lc_ctype_1                 0x08000243   Thumb Code     0  libinit2.o(.ARM.Collect$$libinit$$00000013)
    __rt_lib_init_lc_monetary_1              0x08000243   Thumb Code     0  libinit2.o(.ARM.Collect$$libinit$$00000015)
    __rt_lib_init_lc_numeric_1               0x08000243   Thumb Code     0  libinit2.o(.ARM.Collect$$libinit$$00000017)
    __rt_lib_init_lc_time_1                  0x08000243   Thumb Code     0  libinit2.o(.ARM.Collect$$libinit$$00000019)
    __rt_lib_init_preinit_1                  0x08000243   Thumb Code     0  libinit2.o(.ARM.Collect$$libinit$$00000004)
    __rt_lib_init_rand_1                     0x08000243   Thumb Code     0  libinit2.o(.ARM.Collect$$libinit$$0000000E)
    __rt_lib_init_return                     0x08000243   Thumb Code     0  libinit2.o(.ARM.Collect$$libinit$$00000033)
    __rt_lib_init_signal_1                   0x08000243   Thumb Code     0  libinit2.o(.ARM.Collect$$libinit$$0000001D)
    __rt_lib_init_stdio_1                    0x08000243   Thumb Code     0  libinit2.o(.ARM.Collect$$libinit$$00000025)
    __rt_lib_init_user_alloc_1               0x08000243   Thumb Code     0  libinit2.o(.ARM.Collect$$libinit$$0000000C)
    __rt_lib_shutdown                        0x08000245   Thumb Code     0  libshutdown.o(.ARM.Collect$$libshutdown$$00000000)
    __rt_lib_shutdown_fp_trap_1              0x08000247   Thumb Code     0  libshutdown2.o(.ARM.Collect$$libshutdown$$00000006)
    __rt_lib_shutdown_heap_1                 0x08000247   Thumb Code     0  libshutdown2.o(.ARM.Collect$$libshutdown$$0000000E)
    __rt_lib_shutdown_return                 0x08000247   Thumb Code     0  libshutdown2.o(.ARM.Collect$$libshutdown$$0000000F)
    __rt_lib_shutdown_signal_1               0x08000247   Thumb Code     0  libshutdown2.o(.ARM.Collect$$libshutdown$$00000009)
    __rt_lib_shutdown_stdio_1                0x08000247   Thumb Code     0  libshutdown2.o(.ARM.Collect$$libshutdown$$00000003)
    __rt_lib_shutdown_user_alloc_1           0x08000247   Thumb Code     0  libshutdown2.o(.ARM.Collect$$libshutdown$$0000000B)
    __rt_entry                               0x08000249   Thumb Code     0  __rtentry.o(.ARM.Collect$$rtentry$$00000000)
    __rt_entry_presh_1                       0x08000249   Thumb Code     0  __rtentry2.o(.ARM.Collect$$rtentry$$00000002)
    __rt_entry_sh                            0x08000249   Thumb Code     0  __rtentry4.o(.ARM.Collect$$rtentry$$00000004)
    __rt_entry_li                            0x0800024f   Thumb Code     0  __rtentry2.o(.ARM.Collect$$rtentry$$0000000A)
    __rt_entry_postsh_1                      0x0800024f   Thumb Code     0  __rtentry2.o(.ARM.Collect$$rtentry$$00000009)
    __rt_entry_main                          0x08000253   Thumb Code     0  __rtentry2.o(.ARM.Collect$$rtentry$$0000000D)
    __rt_entry_postli_1                      0x08000253   Thumb Code     0  __rtentry2.o(.ARM.Collect$$rtentry$$0000000C)
    __rt_exit                                0x0800025b   Thumb Code     0  rtexit.o(.ARM.Collect$$rtexit$$00000000)
    __rt_exit_ls                             0x0800025d   Thumb Code     0  rtexit2.o(.ARM.Collect$$rtexit$$00000003)
    __rt_exit_prels_1                        0x0800025d   Thumb Code     0  rtexit2.o(.ARM.Collect$$rtexit$$00000002)
    __rt_exit_exit                           0x08000261   Thumb Code     0  rtexit2.o(.ARM.Collect$$rtexit$$00000004)
    Reset_Handler                            0x08000269   Thumb Code     8  startup_stm32f40_41xxx.o(.text)
    NMI_Handler                              0x08000271   Thumb Code     2  startup_stm32f40_41xxx.o(.text)
    SVC_Handler                              0x0800027b   Thumb Code     2  startup_stm32f40_41xxx.o(.text)
    DebugMon_Handler                         0x0800027d   Thumb Code     2  startup_stm32f40_41xxx.o(.text)
    PendSV_Handler                           0x0800027f   Thumb Code     2  startup_stm32f40_41xxx.o(.text)
    ADC_IRQHandler                           0x08000283   Thumb Code     0  startup_stm32f40_41xxx.o(.text)
    CAN1_RX0_IRQHandler                      0x08000283   Thumb Code     0  startup_stm32f40_41xxx.o(.text)
    CAN1_RX1_IRQHandler                      0x08000283   Thumb Code     0  startup_stm32f40_41xxx.o(.text)
    CAN1_SCE_IRQHandler                      0x08000283   Thumb Code     0  startup_stm32f40_41xxx.o(.text)
    CAN1_TX_IRQHandler                       0x08000283   Thumb Code     0  startup_stm32f40_41xxx.o(.text)
    CAN2_RX0_IRQHandler                      0x08000283   Thumb Code     0  startup_stm32f40_41xxx.o(.text)
    CAN2_RX1_IRQHandler                      0x08000283   Thumb Code     0  startup_stm32f40_41xxx.o(.text)
    CAN2_SCE_IRQHandler                      0x08000283   Thumb Code     0  startup_stm32f40_41xxx.o(.text)
    CAN2_TX_IRQHandler                       0x08000283   Thumb Code     0  startup_stm32f40_41xxx.o(.text)
    CRYP_IRQHandler                          0x08000283   Thumb Code     0  startup_stm32f40_41xxx.o(.text)
    DCMI_IRQHandler                          0x08000283   Thumb Code     0  startup_stm32f40_41xxx.o(.text)
    DMA1_Stream0_IRQHandler                  0x08000283   Thumb Code     0  startup_stm32f40_41xxx.o(.text)
    DMA1_Stream1_IRQHandler                  0x08000283   Thumb Code     0  startup_stm32f40_41xxx.o(.text)
    DMA1_Stream2_IRQHandler                  0x08000283   Thumb Code     0  startup_stm32f40_41xxx.o(.text)
    DMA1_Stream3_IRQHandler                  0x08000283   Thumb Code     0  startup_stm32f40_41xxx.o(.text)
    DMA1_Stream4_IRQHandler                  0x08000283   Thumb Code     0  startup_stm32f40_41xxx.o(.text)
    DMA1_Stream5_IRQHandler                  0x08000283   Thumb Code     0  startup_stm32f40_41xxx.o(.text)
    DMA1_Stream6_IRQHandler                  0x08000283   Thumb Code     0  startup_stm32f40_41xxx.o(.text)
    DMA1_Stream7_IRQHandler                  0x08000283   Thumb Code     0  startup_stm32f40_41xxx.o(.text)
    DMA2_Stream0_IRQHandler                  0x08000283   Thumb Code     0  startup_stm32f40_41xxx.o(.text)
    DMA2_Stream1_IRQHandler                  0x08000283   Thumb Code     0  startup_stm32f40_41xxx.o(.text)
    DMA2_Stream2_IRQHandler                  0x08000283   Thumb Code     0  startup_stm32f40_41xxx.o(.text)
    DMA2_Stream3_IRQHandler                  0x08000283   Thumb Code     0  startup_stm32f40_41xxx.o(.text)
    DMA2_Stream4_IRQHandler                  0x08000283   Thumb Code     0  startup_stm32f40_41xxx.o(.text)
    DMA2_Stream5_IRQHandler                  0x08000283   Thumb Code     0  startup_stm32f40_41xxx.o(.text)
    DMA2_Stream6_IRQHandler                  0x08000283   Thumb Code     0  startup_stm32f40_41xxx.o(.text)
    ETH_IRQHandler                           0x08000283   Thumb Code     0  startup_stm32f40_41xxx.o(.text)
    ETH_WKUP_IRQHandler                      0x08000283   Thumb Code     0  startup_stm32f40_41xxx.o(.text)
    EXTI0_IRQHandler                         0x08000283   Thumb Code     0  startup_stm32f40_41xxx.o(.text)
    EXTI15_10_IRQHandler                     0x08000283   Thumb Code     0  startup_stm32f40_41xxx.o(.text)
    EXTI1_IRQHandler                         0x08000283   Thumb Code     0  startup_stm32f40_41xxx.o(.text)
    EXTI2_IRQHandler                         0x08000283   Thumb Code     0  startup_stm32f40_41xxx.o(.text)
    EXTI3_IRQHandler                         0x08000283   Thumb Code     0  startup_stm32f40_41xxx.o(.text)
    EXTI4_IRQHandler                         0x08000283   Thumb Code     0  startup_stm32f40_41xxx.o(.text)
    EXTI9_5_IRQHandler                       0x08000283   Thumb Code     0  startup_stm32f40_41xxx.o(.text)
    FLASH_IRQHandler                         0x08000283   Thumb Code     0  startup_stm32f40_41xxx.o(.text)
    FPU_IRQHandler                           0x08000283   Thumb Code     0  startup_stm32f40_41xxx.o(.text)
    FSMC_IRQHandler                          0x08000283   Thumb Code     0  startup_stm32f40_41xxx.o(.text)
    HASH_RNG_IRQHandler                      0x08000283   Thumb Code     0  startup_stm32f40_41xxx.o(.text)
    I2C1_ER_IRQHandler                       0x08000283   Thumb Code     0  startup_stm32f40_41xxx.o(.text)
    I2C1_EV_IRQHandler                       0x08000283   Thumb Code     0  startup_stm32f40_41xxx.o(.text)
    I2C2_ER_IRQHandler                       0x08000283   Thumb Code     0  startup_stm32f40_41xxx.o(.text)
    I2C2_EV_IRQHandler                       0x08000283   Thumb Code     0  startup_stm32f40_41xxx.o(.text)
    I2C3_ER_IRQHandler                       0x08000283   Thumb Code     0  startup_stm32f40_41xxx.o(.text)
    I2C3_EV_IRQHandler                       0x08000283   Thumb Code     0  startup_stm32f40_41xxx.o(.text)
    OTG_FS_IRQHandler                        0x08000283   Thumb Code     0  startup_stm32f40_41xxx.o(.text)
    OTG_FS_WKUP_IRQHandler                   0x08000283   Thumb Code     0  startup_stm32f40_41xxx.o(.text)
    OTG_HS_EP1_IN_IRQHandler                 0x08000283   Thumb Code     0  startup_stm32f40_41xxx.o(.text)
    OTG_HS_EP1_OUT_IRQHandler                0x08000283   Thumb Code     0  startup_stm32f40_41xxx.o(.text)
    OTG_HS_IRQHandler                        0x08000283   Thumb Code     0  startup_stm32f40_41xxx.o(.text)
    OTG_HS_WKUP_IRQHandler                   0x08000283   Thumb Code     0  startup_stm32f40_41xxx.o(.text)
    PVD_IRQHandler                           0x08000283   Thumb Code     0  startup_stm32f40_41xxx.o(.text)
    RCC_IRQHandler                           0x08000283   Thumb Code     0  startup_stm32f40_41xxx.o(.text)
    RTC_Alarm_IRQHandler                     0x08000283   Thumb Code     0  startup_stm32f40_41xxx.o(.text)
    RTC_WKUP_IRQHandler                      0x08000283   Thumb Code     0  startup_stm32f40_41xxx.o(.text)
    SPI1_IRQHandler                          0x08000283   Thumb Code     0  startup_stm32f40_41xxx.o(.text)
    SPI2_IRQHandler                          0x08000283   Thumb Code     0  startup_stm32f40_41xxx.o(.text)
    SPI3_IRQHandler                          0x08000283   Thumb Code     0  startup_stm32f40_41xxx.o(.text)
    TAMP_STAMP_IRQHandler                    0x08000283   Thumb Code     0  startup_stm32f40_41xxx.o(.text)
    TIM1_BRK_TIM9_IRQHandler                 0x08000283   Thumb Code     0  startup_stm32f40_41xxx.o(.text)
    TIM1_CC_IRQHandler                       0x08000283   Thumb Code     0  startup_stm32f40_41xxx.o(.text)
    TIM1_TRG_COM_TIM11_IRQHandler            0x08000283   Thumb Code     0  startup_stm32f40_41xxx.o(.text)
    TIM1_UP_TIM10_IRQHandler                 0x08000283   Thumb Code     0  startup_stm32f40_41xxx.o(.text)
    TIM4_IRQHandler                          0x08000283   Thumb Code     0  startup_stm32f40_41xxx.o(.text)
    TIM5_IRQHandler                          0x08000283   Thumb Code     0  startup_stm32f40_41xxx.o(.text)
    TIM6_DAC_IRQHandler                      0x08000283   Thumb Code     0  startup_stm32f40_41xxx.o(.text)
    TIM7_IRQHandler                          0x08000283   Thumb Code     0  startup_stm32f40_41xxx.o(.text)
    TIM8_BRK_TIM12_IRQHandler                0x08000283   Thumb Code     0  startup_stm32f40_41xxx.o(.text)
    TIM8_CC_IRQHandler                       0x08000283   Thumb Code     0  startup_stm32f40_41xxx.o(.text)
    TIM8_TRG_COM_TIM14_IRQHandler            0x08000283   Thumb Code     0  startup_stm32f40_41xxx.o(.text)
    TIM8_UP_TIM13_IRQHandler                 0x08000283   Thumb Code     0  startup_stm32f40_41xxx.o(.text)
    UART4_IRQHandler                         0x08000283   Thumb Code     0  startup_stm32f40_41xxx.o(.text)
    UART5_IRQHandler                         0x08000283   Thumb Code     0  startup_stm32f40_41xxx.o(.text)
    USART2_IRQHandler                        0x08000283   Thumb Code     0  startup_stm32f40_41xxx.o(.text)
    USART3_IRQHandler                        0x08000283   Thumb Code     0  startup_stm32f40_41xxx.o(.text)
    USART6_IRQHandler                        0x08000283   Thumb Code     0  startup_stm32f40_41xxx.o(.text)
    WWDG_IRQHandler                          0x08000283   Thumb Code     0  startup_stm32f40_41xxx.o(.text)
    __user_initial_stackheap                 0x08000285   Thumb Code     0  startup_stm32f40_41xxx.o(.text)
    __aeabi_memcpy                           0x080002a9   Thumb Code     0  rt_memcpy_v6.o(.text)
    __rt_memcpy                              0x080002a9   Thumb Code   138  rt_memcpy_v6.o(.text)
    _memcpy_lastbytes                        0x0800030f   Thumb Code     0  rt_memcpy_v6.o(.text)
    __use_two_region_memory                  0x08000333   Thumb Code     2  heapauxi.o(.text)
    __rt_heap_escrow$2region                 0x08000335   Thumb Code     2  heapauxi.o(.text)
    __rt_heap_expand$2region                 0x08000337   Thumb Code     2  heapauxi.o(.text)
    __read_errno                             0x08000339   Thumb Code    10  _rserrno.o(.text)
    __set_errno                              0x08000343   Thumb Code    12  _rserrno.o(.text)
    __aeabi_memcpy4                          0x0800034f   Thumb Code     0  rt_memcpy_w.o(.text)
    __aeabi_memcpy8                          0x0800034f   Thumb Code     0  rt_memcpy_w.o(.text)
    __rt_memcpy_w                            0x0800034f   Thumb Code   100  rt_memcpy_w.o(.text)
    _memcpy_lastbytes_aligned                0x08000397   Thumb Code     0  rt_memcpy_w.o(.text)
    __aeabi_errno_addr                       0x080003b5   Thumb Code     8  rt_errno_addr_intlibspace.o(.text)
    __errno$intlibspace                      0x080003b5   Thumb Code     0  rt_errno_addr_intlibspace.o(.text)
    __rt_errno_addr$intlibspace              0x080003b5   Thumb Code     0  rt_errno_addr_intlibspace.o(.text)
    __user_libspace                          0x080003bd   Thumb Code     8  libspace.o(.text)
    __user_perproc_libspace                  0x080003bd   Thumb Code     0  libspace.o(.text)
    __user_perthread_libspace                0x080003bd   Thumb Code     0  libspace.o(.text)
    __user_setup_stackheap                   0x080003c5   Thumb Code    74  sys_stackheap_outer.o(.text)
    exit                                     0x0800040f   Thumb Code    12  exit.o(.text)
    _sys_exit                                0x0800041d   Thumb Code     8  sys_exit.o(.text)
    __I$use$semihosting                      0x08000429   Thumb Code     0  use_no_semi.o(.text)
    __use_no_semihosting_swi                 0x08000429   Thumb Code     2  use_no_semi.o(.text)
    BusFault_Handler                         0x0800042b   Thumb Code     4  stm32f4xx_it.o(i.BusFault_Handler)
    __semihosting_library_function           0x0800042b   Thumb Code     0  indicate_semi.o(.text)
    CmdResp1Error                            0x08000431   Thumb Code    94  sd_card.o(i.CmdResp1Error)
    DMA2_Stream7_IRQHandler                  0x08000495   Thumb Code    32  stm32f4xx_it.o(i.DMA2_Stream7_IRQHandler)
    DMA_ClearFlag                            0x080004bd   Thumb Code    38  stm32f4xx_dma.o(i.DMA_ClearFlag)
    DMA_Cmd                                  0x080004f1   Thumb Code    22  stm32f4xx_dma.o(i.DMA_Cmd)
    DMA_DeInit                               0x08000509   Thumb Code   324  stm32f4xx_dma.o(i.DMA_DeInit)
    DMA_GetCmdStatus                         0x08000661   Thumb Code    20  stm32f4xx_dma.o(i.DMA_GetCmdStatus)
    DMA_GetITStatus                          0x08000675   Thumb Code    82  stm32f4xx_dma.o(i.DMA_GetITStatus)
    DMA_ITConfig                             0x080006d9   Thumb Code    58  stm32f4xx_dma.o(i.DMA_ITConfig)
    DMA_Init                                 0x08000715   Thumb Code    82  stm32f4xx_dma.o(i.DMA_Init)
    DMA_SetCurrDataCounter                   0x0800076d   Thumb Code     4  stm32f4xx_dma.o(i.DMA_SetCurrDataCounter)
    Delay_ms                                 0x08000771   Thumb Code    44  cfg_func_f407.o(i.Delay_ms)
    GPIO_Init                                0x080007a5   Thumb Code   144  stm32f4xx_gpio.o(i.GPIO_Init)
    GPIO_Init_InFL                           0x08000835   Thumb Code    42  cfg_func_f407.o(i.GPIO_Init_InFL)
    GPIO_Init_OutPP                          0x0800085f   Thumb Code    42  cfg_func_f407.o(i.GPIO_Init_OutPP)
    GPIO_PinAFConfig                         0x08000889   Thumb Code    70  stm32f4xx_gpio.o(i.GPIO_PinAFConfig)
    GPIO_ReadInputDataBit                    0x080008cf   Thumb Code    18  stm32f4xx_gpio.o(i.GPIO_ReadInputDataBit)
    GPIO_ResetBits                           0x080008e1   Thumb Code     4  stm32f4xx_gpio.o(i.GPIO_ResetBits)
    GPIO_SetBits                             0x080008e5   Thumb Code     4  stm32f4xx_gpio.o(i.GPIO_SetBits)
    HardFault_Handler                        0x08000b91   Thumb Code     4  stm32f4xx_it.o(i.HardFault_Handler)
    LCD_CLS                                  0x08000c55   Thumb Code    56  oledspi.o(i.LCD_CLS)
    LCD_Fill                                 0x08000c8d   Thumb Code    58  oledspi.o(i.LCD_Fill)
    LCD_P6x8Str                              0x08000cc9   Thumb Code    96  oledspi.o(i.LCD_P6x8Str)
    LCD_P6x8char                             0x08000d2d   Thumb Code    72  oledspi.o(i.LCD_P6x8char)
    LCD_PrintValueF                          0x08000d79   Thumb Code   668  oledspi.o(i.LCD_PrintValueF)
    LCD_PrintValueI                          0x08001021   Thumb Code   218  oledspi.o(i.LCD_PrintValueI)
    LCD_Set_Pos                              0x080010fb   Thumb Code    40  oledspi.o(i.LCD_Set_Pos)
    LCD_WrCmd                                0x08001125   Thumb Code   128  oledspi.o(i.LCD_WrCmd)
    LCD_WrDat                                0x080011a9   Thumb Code   128  oledspi.o(i.LCD_WrDat)
    LED_PrintValueFP                         0x0800122d   Thumb Code   294  oledspi.o(i.LED_PrintValueFP)
    LPButterworth                            0x08001353   Thumb Code   110  dev_mpu9250.o(i.LPButterworth)
    MPU9250_GetInfo                          0x080013c1   Thumb Code   162  dev_mpu9250.o(i.MPU9250_GetInfo)
    MPU9250_Init                             0x08001489   Thumb Code   104  dev_mpu9250.o(i.MPU9250_Init)
    MPU_Offset_Init                          0x08001501   Thumb Code   130  dev_mpu9250.o(i.MPU_Offset_Init)
    MemManage_Handler                        0x08001589   Thumb Code     4  stm32f4xx_it.o(i.MemManage_Handler)
    NVIC_Init                                0x0800158d   Thumb Code   106  misc.o(i.NVIC_Init)
    NVIC_PriorityGroupConfig                 0x08001605   Thumb Code    10  misc.o(i.NVIC_PriorityGroupConfig)
    OLED_GPIO_init                           0x080016b9   Thumb Code    64  oledspi.o(i.OLED_GPIO_init)
    OLED_Init                                0x080016fd   Thumb Code   244  oledspi.o(i.OLED_Init)
    RCC_AHB1PeriphClockCmd                   0x080019b1   Thumb Code    26  stm32f4xx_rcc.o(i.RCC_AHB1PeriphClockCmd)
    RCC_APB1PeriphClockCmd                   0x080019d1   Thumb Code    26  stm32f4xx_rcc.o(i.RCC_APB1PeriphClockCmd)
    RCC_APB2PeriphClockCmd                   0x080019f1   Thumb Code    26  stm32f4xx_rcc.o(i.RCC_APB2PeriphClockCmd)
    RCC_GPIO_Open                            0x08001a11   Thumb Code   180  cfg_func_f407.o(i.RCC_GPIO_Open)
    RCC_GetClocksFreq                        0x08001af1   Thumb Code   214  stm32f4xx_rcc.o(i.RCC_GetClocksFreq)
    SDIO_ClearFlag                           0x08001c29   Thumb Code     6  stm32f4xx_sdio.o(i.SDIO_ClearFlag)
    SDIO_GetFlagStatus                       0x08001c35   Thumb Code    20  stm32f4xx_sdio.o(i.SDIO_GetFlagStatus)
    SDIO_IRQHandler                          0x08001c4d   Thumb Code     8  sd_card.o(i.SDIO_IRQHandler)
    SDIO_SendCommand                         0x08001c55   Thumb Code    40  stm32f4xx_sdio.o(i.SDIO_SendCommand)
    SD_ProcessIRQSrc                         0x08001c81   Thumb Code   320  sd_card.o(i.SD_ProcessIRQSrc)
    Set_Cutoff_Frequency                     0x08001ebd   Thumb Code   204  dev_mpu9250.o(i.Set_Cutoff_Frequency)
    SysTick_Handler                          0x08001fe5   Thumb Code     8  stm32f4xx_it.o(i.SysTick_Handler)
    SystemInit                               0x08001fed   Thumb Code    88  system_stm32f4xx.o(i.SystemInit)
    TIM2_IRQHandler                          0x08002055   Thumb Code    22  stm32f4xx_it.o(i.TIM2_IRQHandler)
    TIM3_IRQHandler                          0x0800206d   Thumb Code   128  stm32f4xx_it.o(i.TIM3_IRQHandler)
    TIM3_Int_Init                            0x08002109   Thumb Code    88  cfg_func_f407.o(i.TIM3_Int_Init)
    TIM_ARRPreloadConfig                     0x08002165   Thumb Code    24  stm32f4xx_tim.o(i.TIM_ARRPreloadConfig)
    TIM_ClearITPendingBit                    0x0800217d   Thumb Code     6  stm32f4xx_tim.o(i.TIM_ClearITPendingBit)
    TIM_Cmd                                  0x08002183   Thumb Code    24  stm32f4xx_tim.o(i.TIM_Cmd)
    TIM_GetITStatus                          0x0800219b   Thumb Code    34  stm32f4xx_tim.o(i.TIM_GetITStatus)
    TIM_ITConfig                             0x080021bd   Thumb Code    18  stm32f4xx_tim.o(i.TIM_ITConfig)
    TIM_OC1Init                              0x080021d1   Thumb Code   114  stm32f4xx_tim.o(i.TIM_OC1Init)
    TIM_OC1PreloadConfig                     0x0800224d   Thumb Code    18  stm32f4xx_tim.o(i.TIM_OC1PreloadConfig)
    TIM_OC2Init                              0x08002261   Thumb Code   154  stm32f4xx_tim.o(i.TIM_OC2Init)
    TIM_OC2PreloadConfig                     0x08002305   Thumb Code    26  stm32f4xx_tim.o(i.TIM_OC2PreloadConfig)
    TIM_OC3Init                              0x08002321   Thumb Code   150  stm32f4xx_tim.o(i.TIM_OC3Init)
    TIM_OC3PreloadConfig                     0x080023c1   Thumb Code    18  stm32f4xx_tim.o(i.TIM_OC3PreloadConfig)
    TIM_OC4Init                              0x080023d5   Thumb Code   112  stm32f4xx_tim.o(i.TIM_OC4Init)
    TIM_OC4PreloadConfig                     0x0800244d   Thumb Code    26  stm32f4xx_tim.o(i.TIM_OC4PreloadConfig)
    TIM_SetCompare1                          0x08002467   Thumb Code     4  stm32f4xx_tim.o(i.TIM_SetCompare1)
    TIM_SetCompare2                          0x0800246b   Thumb Code     4  stm32f4xx_tim.o(i.TIM_SetCompare2)
    TIM_SetCompare3                          0x0800246f   Thumb Code     4  stm32f4xx_tim.o(i.TIM_SetCompare3)
    TIM_SetCompare4                          0x08002473   Thumb Code     4  stm32f4xx_tim.o(i.TIM_SetCompare4)
    TIM_TimeBaseInit                         0x08002479   Thumb Code   104  stm32f4xx_tim.o(i.TIM_TimeBaseInit)
    TimingDelay_Decrement                    0x080024fd   Thumb Code    18  cfg_func_f407.o(i.TimingDelay_Decrement)
    USART1_IRQHandler                        0x08002515   Thumb Code    28  stm32f4xx_it.o(i.USART1_IRQHandler)
    USART1_Init                              0x08002535   Thumb Code   316  cfg_func_f407.o(i.USART1_Init)
    USART1_SendChar                          0x08002681   Thumb Code    28  cfg_func_f407.o(i.USART1_SendChar)
    USART_ClearFlag                          0x080026a1   Thumb Code    18  stm32f4xx_usart.o(i.USART_ClearFlag)
    USART_Cmd                                0x080026b3   Thumb Code    24  stm32f4xx_usart.o(i.USART_Cmd)
    USART_DMACmd                             0x080026cb   Thumb Code    18  stm32f4xx_usart.o(i.USART_DMACmd)
    USART_GetFlagStatus                      0x080026dd   Thumb Code    26  stm32f4xx_usart.o(i.USART_GetFlagStatus)
    USART_GetITStatus                        0x080026f7   Thumb Code    84  stm32f4xx_usart.o(i.USART_GetITStatus)
    USART_Init                               0x0800274d   Thumb Code   204  stm32f4xx_usart.o(i.USART_Init)
    UsageFault_Handler                       0x08002821   Thumb Code     4  stm32f4xx_it.o(i.UsageFault_Handler)
    __ARM_fpclassifyf                        0x08002825   Thumb Code    38  fpclassifyf.o(i.__ARM_fpclassifyf)
    __hardfp_asinf                           0x0800284d   Thumb Code   258  asinf.o(i.__hardfp_asinf)
    __hardfp_atan2f                          0x08002979   Thumb Code   502  atan2f.o(i.__hardfp_atan2f)
    __hardfp_cosf                            0x08002bc9   Thumb Code   280  cosf.o(i.__hardfp_cosf)
    __hardfp_sqrt                            0x08002d19   Thumb Code   122  sqrt.o(i.__hardfp_sqrt)
    __hardfp_tanf                            0x08002d95   Thumb Code   322  tanf.o(i.__hardfp_tanf)
    __mathlib_flt_infnan                     0x08002f11   Thumb Code     6  funder.o(i.__mathlib_flt_infnan)
    __mathlib_flt_infnan2                    0x08002f17   Thumb Code     6  funder.o(i.__mathlib_flt_infnan2)
    __mathlib_flt_invalid                    0x08002f1d   Thumb Code    10  funder.o(i.__mathlib_flt_invalid)
    __mathlib_flt_underflow                  0x08002f2d   Thumb Code    10  funder.o(i.__mathlib_flt_underflow)
    __mathlib_rredf2                         0x08002f3d   Thumb Code   316  rredf.o(i.__mathlib_rredf2)
    accelerator_motor_set                    0x08003091   Thumb Code   102  f4_pwm.o(i.accelerator_motor_set)
    dma_send                                 0x080030fd   Thumb Code    34  cfg_func_f407.o(i.dma_send)
    icm20602_self1_check                     0x08003129   Thumb Code    30  dev_mpu9250.o(i.icm20602_self1_check)
    main                                     0x080036f1   Thumb Code    12  main.o(i.main)
    motor_pwm2tim                            0x080036fd   Thumb Code    34  f4_pwm.o(i.motor_pwm2tim)
    oled_Delay                               0x08003729   Thumb Code    12  oledspi.o(i.oled_Delay)
    pwm_init                                 0x08003735   Thumb Code   320  f4_pwm.o(i.pwm_init)
    simiic_read_reg                          0x08003961   Thumb Code    74  soft_iic.o(i.simiic_read_reg)
    simiic_read_regs                         0x080039ab   Thumb Code    98  soft_iic.o(i.simiic_read_regs)
    simiic_write_reg                         0x08003a0d   Thumb Code    42  soft_iic.o(i.simiic_write_reg)
    soft_iic_io_init                         0x08003a39   Thumb Code    38  soft_iic.o(i.soft_iic_io_init)
    sqrtf                                    0x08003a65   Thumb Code    62  sqrtf.o(i.sqrtf)
    vcan_send_wave                           0x08003b05   Thumb Code    52  cfg_func_f407.o(i.vcan_send_wave)
    __aeabi_d2f                              0x08003b41   Thumb Code     0  d2f.o(x$fpl$d2f)
    _d2f                                     0x08003b41   Thumb Code    98  d2f.o(x$fpl$d2f)
    __fpl_dcmp_Inf                           0x08003ba3   Thumb Code    24  dcmpi.o(x$fpl$dcmpinf)
    __aeabi_cdcmple                          0x08003bbd   Thumb Code     0  dleqf.o(x$fpl$dleqf)
    _dcmple                                  0x08003bbd   Thumb Code   120  dleqf.o(x$fpl$dleqf)
    __fpl_dcmple_InfNaN                      0x08003c1f   Thumb Code     0  dleqf.o(x$fpl$dleqf)
    __fpl_dnaninf                            0x08003c35   Thumb Code   156  dnaninf.o(x$fpl$dnaninf)
    __fpl_dretinf                            0x08003cd1   Thumb Code    12  dretinf.o(x$fpl$dretinf)
    _dsqrt                                   0x08003cdd   Thumb Code   404  dsqrt_umaal.o(x$fpl$dsqrt)
    __aeabi_f2d                              0x08003e75   Thumb Code     0  f2d.o(x$fpl$f2d)
    _f2d                                     0x08003e75   Thumb Code    86  f2d.o(x$fpl$f2d)
    __fpl_fnaninf                            0x08003ecb   Thumb Code   140  fnaninf.o(x$fpl$fnaninf)
    _fp_init                                 0x08003f57   Thumb Code    10  fpinit.o(x$fpl$fpinit)
    __fplib_config_fpu_vfp                   0x08003f5f   Thumb Code     0  fpinit.o(x$fpl$fpinit)
    __fplib_config_pureend_doubles           0x08003f5f   Thumb Code     0  fpinit.o(x$fpl$fpinit)
    __fpl_fretinf                            0x08003f61   Thumb Code    10  fretinf.o(x$fpl$fretinf)
    F6X8                                     0x08003f6a   Data         552  oledspi.o(.constdata)
    __I$use$fp                               0x08003f6a   Number         0  usenofp.o(x$fpl$usenofp)
    Region$$Table$$Base                      0x080042f0   Number         0  anon$$obj.o(Region$$Table)
    Region$$Table$$Limit                     0x08004310   Number         0  anon$$obj.o(Region$$Table)
    ms20_flag                                0x20000050   Data           1  main.o(.data)
    ms5_flag                                 0x20000051   Data           1  main.o(.data)
    motor_tmp_flag                           0x20000052   Data           1  main.o(.data)
    sd_size                                  0x20000053   Data           1  main.o(.data)
    key_flag                                 0x20000054   Data           1  main.o(.data)
    TransferEnd                              0x200000b2   Data           1  sd_card.o(.data)
    TransferError                            0x200000b3   Data           1  sd_card.o(.data)
    tempbuff                                 0x200000b4   Data           4  sd_card.o(.data)
    Pitch                                    0x20000108   Data           4  dev_mpu9250.o(.data)
    Roll                                     0x2000010c   Data           4  dev_mpu9250.o(.data)
    Yaw                                      0x20000110   Data           4  dev_mpu9250.o(.data)
    Bandstop_Filter_Parameter_30_98          0x20000114   Data          24  dev_mpu9250.o(.data)
    Bandstop_Filter_Parameter_30_94          0x2000012c   Data          24  dev_mpu9250.o(.data)
    AHRS_Param                               0x20000144   Data          72  dev_mpu9250.o(.data)
    gyro                                     0x2000018c   Data           6  dev_mpu9250.o(.data)
    acc                                      0x20000192   Data           6  dev_mpu9250.o(.data)
    mag                                      0x20000198   Data           6  dev_mpu9250.o(.data)
    gyro_offset                              0x2000019e   Data           6  dev_mpu9250.o(.data)
    bw                                       0x20000204   Data           4  cfg_func_f407.o(.data)
    ret                                      0x2000020c   Data           4  cfg_func_f407.o(.data)
    SystemCoreClock                          0x20000214   Data           4  system_stm32f4xx.o(.data)
    AHBPrescTable                            0x20000218   Data          16  system_stm32f4xx.o(.data)
    pwm_tmp                                  0x20000278   Data           2  stm32f4xx_it.o(.data)
    f_data                                   0x200002d4   Data          32  main.o(.bss)
    c_data                                   0x200002f4   Data          16  main.o(.bss)
    sd_write                                 0x20000304   Data          10  main.o(.bss)
    Gyro_Parameter                           0x20000310   Data          24  dev_mpu9250.o(.bss)
    Accel_Parameter                          0x20000328   Data          24  dev_mpu9250.o(.bss)
    accel_bpf_filter_buf                     0x20000340   Data          72  dev_mpu9250.o(.bss)
    accel_filter_buf_bug                     0x20000388   Data          72  dev_mpu9250.o(.bss)
    accel_filter_buf                         0x200003d0   Data          72  dev_mpu9250.o(.bss)
    gyro_filter_buf                          0x20000418   Data          72  dev_mpu9250.o(.bss)
    gyro_bpf_filter_buf                      0x20000460   Data          72  dev_mpu9250.o(.bss)
    gyro_filter_buf_bug                      0x200004a8   Data          72  dev_mpu9250.o(.bss)
    gyroRaw                                  0x200004f0   Data          12  dev_mpu9250.o(.bss)
    accRaw                                   0x200004fc   Data          12  dev_mpu9250.o(.bss)
    magRaw                                   0x20000508   Data          12  dev_mpu9250.o(.bss)
    gyro_filter                              0x20000514   Data          12  dev_mpu9250.o(.bss)
    acc_filter                               0x20000520   Data          12  dev_mpu9250.o(.bss)
    gyro_bpf_filter                          0x2000052c   Data          12  dev_mpu9250.o(.bss)
    gyro_filter_bug                          0x20000538   Data          12  dev_mpu9250.o(.bss)
    acc_filter_bug                           0x20000544   Data          12  dev_mpu9250.o(.bss)
    SD_FATFS                                 0x20000550   Data         560  cfg_func_f407.o(.bss)
    fdst                                     0x20000780   Data         556  cfg_func_f407.o(.bss)
    fdst2                                    0x200009ac   Data         556  cfg_func_f407.o(.bss)
    usart_send_buff                          0x20000bd8   Data          36  cfg_func_f407.o(.bss)
    __libspace_start                         0x20000bfc   Data          96  libspace.o(.bss)
    __temporary_stack_top$libspace           0x20000c5c   Data           0  libspace.o(.bss)



==============================================================================

Memory Map of the image

  Image Entry point : 0x08000189

  Load Region LR_IROM1 (Base: 0x08000000, Size: 0x000045e4, Max: 0x00100000, ABSOLUTE, COMPRESSED[0x000043a8])

    Execution Region ER_IROM1 (Base: 0x08000000, Size: 0x00004310, Max: 0x00100000, ABSOLUTE)

    Base Addr    Size         Type   Attr      Idx    E Section Name        Object

    0x08000000   0x00000188   Data   RO         5772    RESET               startup_stm32f40_41xxx.o
    0x08000188   0x00000008   Code   RO         6300  * !!!main             c_w.l(__main.o)
    0x08000190   0x00000034   Code   RO         6589    !!!scatter          c_w.l(__scatter.o)
    0x080001c4   0x0000005a   Code   RO         6587    !!dczerorl2         c_w.l(__dczerorl2.o)
    0x0800021e   0x00000002   PAD
    0x08000220   0x0000001c   Code   RO         6591    !!handler_zi        c_w.l(__scatter_zi.o)
    0x0800023c   0x00000002   Code   RO         6457    .ARM.Collect$$libinit$$00000000  c_w.l(libinit.o)
    0x0800023e   0x00000004   Code   RO         6464    .ARM.Collect$$libinit$$00000001  c_w.l(libinit2.o)
    0x08000242   0x00000000   Code   RO         6467    .ARM.Collect$$libinit$$00000004  c_w.l(libinit2.o)
    0x08000242   0x00000000   Code   RO         6470    .ARM.Collect$$libinit$$0000000A  c_w.l(libinit2.o)
    0x08000242   0x00000000   Code   RO         6472    .ARM.Collect$$libinit$$0000000C  c_w.l(libinit2.o)
    0x08000242   0x00000000   Code   RO         6474    .ARM.Collect$$libinit$$0000000E  c_w.l(libinit2.o)
    0x08000242   0x00000000   Code   RO         6477    .ARM.Collect$$libinit$$00000011  c_w.l(libinit2.o)
    0x08000242   0x00000000   Code   RO         6479    .ARM.Collect$$libinit$$00000013  c_w.l(libinit2.o)
    0x08000242   0x00000000   Code   RO         6481    .ARM.Collect$$libinit$$00000015  c_w.l(libinit2.o)
    0x08000242   0x00000000   Code   RO         6483    .ARM.Collect$$libinit$$00000017  c_w.l(libinit2.o)
    0x08000242   0x00000000   Code   RO         6485    .ARM.Collect$$libinit$$00000019  c_w.l(libinit2.o)
    0x08000242   0x00000000   Code   RO         6487    .ARM.Collect$$libinit$$0000001B  c_w.l(libinit2.o)
    0x08000242   0x00000000   Code   RO         6489    .ARM.Collect$$libinit$$0000001D  c_w.l(libinit2.o)
    0x08000242   0x00000000   Code   RO         6491    .ARM.Collect$$libinit$$0000001F  c_w.l(libinit2.o)
    0x08000242   0x00000000   Code   RO         6493    .ARM.Collect$$libinit$$00000021  c_w.l(libinit2.o)
    0x08000242   0x00000000   Code   RO         6495    .ARM.Collect$$libinit$$00000023  c_w.l(libinit2.o)
    0x08000242   0x00000000   Code   RO         6497    .ARM.Collect$$libinit$$00000025  c_w.l(libinit2.o)
    0x08000242   0x00000000   Code   RO         6501    .ARM.Collect$$libinit$$0000002C  c_w.l(libinit2.o)
    0x08000242   0x00000000   Code   RO         6503    .ARM.Collect$$libinit$$0000002E  c_w.l(libinit2.o)
    0x08000242   0x00000000   Code   RO         6505    .ARM.Collect$$libinit$$00000030  c_w.l(libinit2.o)
    0x08000242   0x00000000   Code   RO         6507    .ARM.Collect$$libinit$$00000032  c_w.l(libinit2.o)
    0x08000242   0x00000002   Code   RO         6508    .ARM.Collect$$libinit$$00000033  c_w.l(libinit2.o)
    0x08000244   0x00000002   Code   RO         6538    .ARM.Collect$$libshutdown$$00000000  c_w.l(libshutdown.o)
    0x08000246   0x00000000   Code   RO         6556    .ARM.Collect$$libshutdown$$00000003  c_w.l(libshutdown2.o)
    0x08000246   0x00000000   Code   RO         6559    .ARM.Collect$$libshutdown$$00000006  c_w.l(libshutdown2.o)
    0x08000246   0x00000000   Code   RO         6562    .ARM.Collect$$libshutdown$$00000009  c_w.l(libshutdown2.o)
    0x08000246   0x00000000   Code   RO         6564    .ARM.Collect$$libshutdown$$0000000B  c_w.l(libshutdown2.o)
    0x08000246   0x00000000   Code   RO         6567    .ARM.Collect$$libshutdown$$0000000E  c_w.l(libshutdown2.o)
    0x08000246   0x00000002   Code   RO         6568    .ARM.Collect$$libshutdown$$0000000F  c_w.l(libshutdown2.o)
    0x08000248   0x00000000   Code   RO         6368    .ARM.Collect$$rtentry$$00000000  c_w.l(__rtentry.o)
    0x08000248   0x00000000   Code   RO         6420    .ARM.Collect$$rtentry$$00000002  c_w.l(__rtentry2.o)
    0x08000248   0x00000006   Code   RO         6432    .ARM.Collect$$rtentry$$00000004  c_w.l(__rtentry4.o)
    0x0800024e   0x00000000   Code   RO         6422    .ARM.Collect$$rtentry$$00000009  c_w.l(__rtentry2.o)
    0x0800024e   0x00000004   Code   RO         6423    .ARM.Collect$$rtentry$$0000000A  c_w.l(__rtentry2.o)
    0x08000252   0x00000000   Code   RO         6425    .ARM.Collect$$rtentry$$0000000C  c_w.l(__rtentry2.o)
    0x08000252   0x00000008   Code   RO         6426    .ARM.Collect$$rtentry$$0000000D  c_w.l(__rtentry2.o)
    0x0800025a   0x00000002   Code   RO         6458    .ARM.Collect$$rtexit$$00000000  c_w.l(rtexit.o)
    0x0800025c   0x00000000   Code   RO         6510    .ARM.Collect$$rtexit$$00000002  c_w.l(rtexit2.o)
    0x0800025c   0x00000004   Code   RO         6511    .ARM.Collect$$rtexit$$00000003  c_w.l(rtexit2.o)
    0x08000260   0x00000006   Code   RO         6512    .ARM.Collect$$rtexit$$00000004  c_w.l(rtexit2.o)
    0x08000266   0x00000002   PAD
    0x08000268   0x00000040   Code   RO         5773    .text               startup_stm32f40_41xxx.o
    0x080002a8   0x0000008a   Code   RO         6296    .text               c_w.l(rt_memcpy_v6.o)
    0x08000332   0x00000006   Code   RO         6298    .text               c_w.l(heapauxi.o)
    0x08000338   0x00000016   Code   RO         6371    .text               c_w.l(_rserrno.o)
    0x0800034e   0x00000064   Code   RO         6373    .text               c_w.l(rt_memcpy_w.o)
    0x080003b2   0x00000002   PAD
    0x080003b4   0x00000008   Code   RO         6441    .text               c_w.l(rt_errno_addr_intlibspace.o)
    0x080003bc   0x00000008   Code   RO         6443    .text               c_w.l(libspace.o)
    0x080003c4   0x0000004a   Code   RO         6446    .text               c_w.l(sys_stackheap_outer.o)
    0x0800040e   0x0000000c   Code   RO         6450    .text               c_w.l(exit.o)
    0x0800041a   0x00000002   PAD
    0x0800041c   0x0000000c   Code   RO         6526    .text               c_w.l(sys_exit.o)
    0x08000428   0x00000002   Code   RO         6543    .text               c_w.l(use_no_semi.o)
    0x0800042a   0x00000000   Code   RO         6545    .text               c_w.l(indicate_semi.o)
    0x0800042a   0x00000004   Code   RO         5780    i.BusFault_Handler  stm32f4xx_it.o
    0x0800042e   0x00000002   PAD
    0x08000430   0x00000064   Code   RO          213    i.CmdResp1Error     sd_card.o
    0x08000494   0x00000028   Code   RO         5781    i.DMA2_Stream7_IRQHandler  stm32f4xx_it.o
    0x080004bc   0x00000034   Code   RO         1750    i.DMA_ClearFlag     stm32f4xx_dma.o
    0x080004f0   0x00000016   Code   RO         1752    i.DMA_Cmd           stm32f4xx_dma.o
    0x08000506   0x00000002   PAD
    0x08000508   0x00000158   Code   RO         1753    i.DMA_DeInit        stm32f4xx_dma.o
    0x08000660   0x00000014   Code   RO         1757    i.DMA_GetCmdStatus  stm32f4xx_dma.o
    0x08000674   0x00000064   Code   RO         1762    i.DMA_GetITStatus   stm32f4xx_dma.o
    0x080006d8   0x0000003a   Code   RO         1763    i.DMA_ITConfig      stm32f4xx_dma.o
    0x08000712   0x00000002   PAD
    0x08000714   0x00000058   Code   RO         1764    i.DMA_Init          stm32f4xx_dma.o
    0x0800076c   0x00000004   Code   RO         1767    i.DMA_SetCurrDataCounter  stm32f4xx_dma.o
    0x08000770   0x00000034   Code   RO         5590    i.Delay_ms          cfg_func_f407.o
    0x080007a4   0x00000090   Code   RO         2510    i.GPIO_Init         stm32f4xx_gpio.o
    0x08000834   0x0000002a   Code   RO         5594    i.GPIO_Init_InFL    cfg_func_f407.o
    0x0800085e   0x0000002a   Code   RO         5596    i.GPIO_Init_OutPP   cfg_func_f407.o
    0x08000888   0x00000046   Code   RO         2511    i.GPIO_PinAFConfig  stm32f4xx_gpio.o
    0x080008ce   0x00000012   Code   RO         2514    i.GPIO_ReadInputDataBit  stm32f4xx_gpio.o
    0x080008e0   0x00000004   Code   RO         2517    i.GPIO_ResetBits    stm32f4xx_gpio.o
    0x080008e4   0x00000004   Code   RO         2518    i.GPIO_SetBits      stm32f4xx_gpio.o
    0x080008e8   0x000002a8   Code   RO          637    i.GetData           dev_mpu9250.o
    0x08000b90   0x00000004   Code   RO         5782    i.HardFault_Handler  stm32f4xx_it.o
    0x08000b94   0x0000004c   Code   RO          554    i.I2C_SendACK       soft_iic.o
    0x08000be0   0x00000038   Code   RO          555    i.IIC_start         soft_iic.o
    0x08000c18   0x0000003c   Code   RO          556    i.IIC_stop          soft_iic.o
    0x08000c54   0x00000038   Code   RO          423    i.LCD_CLS           oledspi.o
    0x08000c8c   0x0000003a   Code   RO          424    i.LCD_Fill          oledspi.o
    0x08000cc6   0x00000002   PAD
    0x08000cc8   0x00000064   Code   RO          425    i.LCD_P6x8Str       oledspi.o
    0x08000d2c   0x0000004c   Code   RO          426    i.LCD_P6x8char      oledspi.o
    0x08000d78   0x000002a8   Code   RO          427    i.LCD_PrintValueF   oledspi.o
    0x08001020   0x000000da   Code   RO          428    i.LCD_PrintValueI   oledspi.o
    0x080010fa   0x00000028   Code   RO          430    i.LCD_Set_Pos       oledspi.o
    0x08001122   0x00000002   PAD
    0x08001124   0x00000084   Code   RO          431    i.LCD_WrCmd         oledspi.o
    0x080011a8   0x00000084   Code   RO          432    i.LCD_WrDat         oledspi.o
    0x0800122c   0x00000126   Code   RO          434    i.LED_PrintValueFP  oledspi.o
    0x08001352   0x0000006e   Code   RO          638    i.LPButterworth     dev_mpu9250.o
    0x080013c0   0x000000c8   Code   RO          639    i.MPU9250_GetInfo   dev_mpu9250.o
    0x08001488   0x00000078   Code   RO          640    i.MPU9250_Init      dev_mpu9250.o
    0x08001500   0x00000088   Code   RO          641    i.MPU_Offset_Init   dev_mpu9250.o
    0x08001588   0x00000004   Code   RO         5783    i.MemManage_Handler  stm32f4xx_it.o
    0x0800158c   0x00000078   Code   RO          719    i.NVIC_Init         misc.o
    0x08001604   0x00000014   Code   RO          720    i.NVIC_PriorityGroupConfig  misc.o
    0x08001618   0x000000a0   Code   RO            4    i.NV_Operation      main.o
    0x080016b8   0x00000044   Code   RO          436    i.OLED_GPIO_init    oledspi.o
    0x080016fc   0x000000f8   Code   RO          437    i.OLED_Init         oledspi.o
    0x080017f4   0x000000b4   Code   RO            5    i.Param_Send        main.o
    0x080018a8   0x00000108   Code   RO            6    i.Param_Show        main.o
    0x080019b0   0x00000020   Code   RO         3406    i.RCC_AHB1PeriphClockCmd  stm32f4xx_rcc.o
    0x080019d0   0x00000020   Code   RO         3415    i.RCC_APB1PeriphClockCmd  stm32f4xx_rcc.o
    0x080019f0   0x00000020   Code   RO         3418    i.RCC_APB2PeriphClockCmd  stm32f4xx_rcc.o
    0x08001a10   0x000000e0   Code   RO         5597    i.RCC_GPIO_Open     cfg_func_f407.o
    0x08001af0   0x000000e8   Code   RO         3427    i.RCC_GetClocksFreq  stm32f4xx_rcc.o
    0x08001bd8   0x00000050   Code   RO          557    i.SCCB_WaitAck      soft_iic.o
    0x08001c28   0x0000000c   Code   RO         4340    i.SDIO_ClearFlag    stm32f4xx_sdio.o
    0x08001c34   0x00000018   Code   RO         4352    i.SDIO_GetFlagStatus  stm32f4xx_sdio.o
    0x08001c4c   0x00000008   Code   RO          222    i.SDIO_IRQHandler   sd_card.o
    0x08001c54   0x0000002c   Code   RO         4360    i.SDIO_SendCommand  stm32f4xx_sdio.o
    0x08001c80   0x00000150   Code   RO          230    i.SD_ProcessIRQSrc  sd_card.o
    0x08001dd0   0x000000ec   Code   RO         5732    i.SetSysClock       system_stm32f4xx.o
    0x08001ebc   0x000000d4   Code   RO          642    i.Set_Cutoff_Frequency  dev_mpu9250.o
    0x08001f90   0x00000054   Code   RO         5599    i.SysTick_Config    cfg_func_f407.o
    0x08001fe4   0x00000008   Code   RO         5784    i.SysTick_Handler   stm32f4xx_it.o
    0x08001fec   0x00000068   Code   RO         5734    i.SystemInit        system_stm32f4xx.o
    0x08002054   0x00000016   Code   RO         5785    i.TIM2_IRQHandler   stm32f4xx_it.o
    0x0800206a   0x00000002   PAD
    0x0800206c   0x0000009c   Code   RO         5786    i.TIM3_IRQHandler   stm32f4xx_it.o
    0x08002108   0x0000005c   Code   RO         5601    i.TIM3_Int_Init     cfg_func_f407.o
    0x08002164   0x00000018   Code   RO         4769    i.TIM_ARRPreloadConfig  stm32f4xx_tim.o
    0x0800217c   0x00000006   Code   RO         4776    i.TIM_ClearITPendingBit  stm32f4xx_tim.o
    0x08002182   0x00000018   Code   RO         4781    i.TIM_Cmd           stm32f4xx_tim.o
    0x0800219a   0x00000022   Code   RO         4802    i.TIM_GetITStatus   stm32f4xx_tim.o
    0x080021bc   0x00000012   Code   RO         4806    i.TIM_ITConfig      stm32f4xx_tim.o
    0x080021ce   0x00000002   PAD
    0x080021d0   0x0000007c   Code   RO         4810    i.TIM_OC1Init       stm32f4xx_tim.o
    0x0800224c   0x00000012   Code   RO         4813    i.TIM_OC1PreloadConfig  stm32f4xx_tim.o
    0x0800225e   0x00000002   PAD
    0x08002260   0x000000a4   Code   RO         4815    i.TIM_OC2Init       stm32f4xx_tim.o
    0x08002304   0x0000001a   Code   RO         4818    i.TIM_OC2PreloadConfig  stm32f4xx_tim.o
    0x0800231e   0x00000002   PAD
    0x08002320   0x000000a0   Code   RO         4820    i.TIM_OC3Init       stm32f4xx_tim.o
    0x080023c0   0x00000012   Code   RO         4823    i.TIM_OC3PreloadConfig  stm32f4xx_tim.o
    0x080023d2   0x00000002   PAD
    0x080023d4   0x00000078   Code   RO         4825    i.TIM_OC4Init       stm32f4xx_tim.o
    0x0800244c   0x0000001a   Code   RO         4827    i.TIM_OC4PreloadConfig  stm32f4xx_tim.o
    0x08002466   0x00000004   Code   RO         4843    i.TIM_SetCompare1   stm32f4xx_tim.o
    0x0800246a   0x00000004   Code   RO         4844    i.TIM_SetCompare2   stm32f4xx_tim.o
    0x0800246e   0x00000004   Code   RO         4845    i.TIM_SetCompare3   stm32f4xx_tim.o
    0x08002472   0x00000004   Code   RO         4846    i.TIM_SetCompare4   stm32f4xx_tim.o
    0x08002476   0x00000002   PAD
    0x08002478   0x00000084   Code   RO         4853    i.TIM_TimeBaseInit  stm32f4xx_tim.o
    0x080024fc   0x00000018   Code   RO         5602    i.TimingDelay_Decrement  cfg_func_f407.o
    0x08002514   0x00000020   Code   RO         5787    i.USART1_IRQHandler  stm32f4xx_it.o
    0x08002534   0x0000014c   Code   RO         5603    i.USART1_Init       cfg_func_f407.o
    0x08002680   0x00000020   Code   RO         5604    i.USART1_SendChar   cfg_func_f407.o
    0x080026a0   0x00000012   Code   RO         5331    i.USART_ClearFlag   stm32f4xx_usart.o
    0x080026b2   0x00000018   Code   RO         5335    i.USART_Cmd         stm32f4xx_usart.o
    0x080026ca   0x00000012   Code   RO         5336    i.USART_DMACmd      stm32f4xx_usart.o
    0x080026dc   0x0000001a   Code   RO         5338    i.USART_GetFlagStatus  stm32f4xx_usart.o
    0x080026f6   0x00000054   Code   RO         5339    i.USART_GetITStatus  stm32f4xx_usart.o
    0x0800274a   0x00000002   PAD
    0x0800274c   0x000000d4   Code   RO         5342    i.USART_Init        stm32f4xx_usart.o
    0x08002820   0x00000004   Code   RO         5788    i.UsageFault_Handler  stm32f4xx_it.o
    0x08002824   0x00000026   Code   RO         6388    i.__ARM_fpclassifyf  m_wm.l(fpclassifyf.o)
    0x0800284a   0x00000002   PAD
    0x0800284c   0x0000012c   Code   RO         6308    i.__hardfp_asinf    m_wm.l(asinf.o)
    0x08002978   0x00000250   Code   RO         6320    i.__hardfp_atan2f   m_wm.l(atan2f.o)
    0x08002bc8   0x00000150   Code   RO         6332    i.__hardfp_cosf     m_wm.l(cosf.o)
    0x08002d18   0x0000007a   Code   RO         6344    i.__hardfp_sqrt     m_wm.l(sqrt.o)
    0x08002d92   0x00000002   PAD
    0x08002d94   0x0000017c   Code   RO         6356    i.__hardfp_tanf     m_wm.l(tanf.o)
    0x08002f10   0x00000006   Code   RO         6391    i.__mathlib_flt_infnan  m_wm.l(funder.o)
    0x08002f16   0x00000006   Code   RO         6392    i.__mathlib_flt_infnan2  m_wm.l(funder.o)
    0x08002f1c   0x00000010   Code   RO         6393    i.__mathlib_flt_invalid  m_wm.l(funder.o)
    0x08002f2c   0x00000010   Code   RO         6396    i.__mathlib_flt_underflow  m_wm.l(funder.o)
    0x08002f3c   0x00000154   Code   RO         6404    i.__mathlib_rredf2  m_wm.l(rredf.o)
    0x08003090   0x0000006c   Code   RO         6253    i.accelerator_motor_set  f4_pwm.o
    0x080030fc   0x0000002c   Code   RO         5605    i.dma_send          cfg_func_f407.o
    0x08003128   0x0000001e   Code   RO          643    i.icm20602_self1_check  dev_mpu9250.o
    0x08003146   0x00000002   PAD
    0x08003148   0x0000014c   Code   RO          644    i.imuComputeRotationMatrix  dev_mpu9250.o
    0x08003294   0x00000420   Code   RO          645    i.imuUpdate         dev_mpu9250.o
    0x080036b4   0x0000003c   Code   RO          646    i.invSqrt           dev_mpu9250.o
    0x080036f0   0x0000000c   Code   RO            7    i.main              main.o
    0x080036fc   0x0000002c   Code   RO         6254    i.motor_pwm2tim     f4_pwm.o
    0x08003728   0x0000000c   Code   RO          439    i.oled_Delay        oledspi.o
    0x08003734   0x00000148   Code   RO         6255    i.pwm_init          f4_pwm.o
    0x0800387c   0x0000007c   Code   RO          558    i.read_ch           soft_iic.o
    0x080038f8   0x00000058   Code   RO          559    i.send_ch           soft_iic.o
    0x08003950   0x00000010   Code   RO          560    i.simiic_delay      soft_iic.o
    0x08003960   0x0000004a   Code   RO          561    i.simiic_read_reg   soft_iic.o
    0x080039aa   0x00000062   Code   RO          562    i.simiic_read_regs  soft_iic.o
    0x08003a0c   0x0000002a   Code   RO          563    i.simiic_write_reg  soft_iic.o
    0x08003a36   0x00000002   PAD
    0x08003a38   0x0000002c   Code   RO          564    i.soft_iic_io_init  soft_iic.o
    0x08003a64   0x0000003e   Code   RO         6409    i.sqrtf             m_wm.l(sqrtf.o)
    0x08003aa2   0x00000002   PAD
    0x08003aa4   0x00000060   Code   RO            8    i.sys_init          main.o
    0x08003b04   0x0000003c   Code   RO         5607    i.vcan_send_wave    cfg_func_f407.o
    0x08003b40   0x00000062   Code   RO         6302    x$fpl$d2f           fz_wm.l(d2f.o)
    0x08003ba2   0x00000018   Code   RO         6375    x$fpl$dcmpinf       fz_wm.l(dcmpi.o)
    0x08003bba   0x00000002   PAD
    0x08003bbc   0x00000078   Code   RO         6304    x$fpl$dleqf         fz_wm.l(dleqf.o)
    0x08003c34   0x0000009c   Code   RO         6377    x$fpl$dnaninf       fz_wm.l(dnaninf.o)
    0x08003cd0   0x0000000c   Code   RO         6379    x$fpl$dretinf       fz_wm.l(dretinf.o)
    0x08003cdc   0x00000198   Code   RO         6381    x$fpl$dsqrt         fz_wm.l(dsqrt_umaal.o)
    0x08003e74   0x00000056   Code   RO         6306    x$fpl$f2d           fz_wm.l(f2d.o)
    0x08003eca   0x0000008c   Code   RO         6383    x$fpl$fnaninf       fz_wm.l(fnaninf.o)
    0x08003f56   0x0000000a   Code   RO         6524    x$fpl$fpinit        fz_wm.l(fpinit.o)
    0x08003f60   0x0000000a   Code   RO         6385    x$fpl$fretinf       fz_wm.l(fretinf.o)
    0x08003f6a   0x00000000   Code   RO         6387    x$fpl$usenofp       fz_wm.l(usenofp.o)
    0x08003f6a   0x00000228   Data   RO          441    .constdata          oledspi.o
    0x08004192   0x00000002   PAD
    0x08004194   0x00000020   Data   RO         6405    .constdata          m_wm.l(rredf.o)
    0x080041b4   0x00000139   Data   RO           10    .conststring        main.o
    0x080042ed   0x00000003   PAD
    0x080042f0   0x00000020   Data   RO         6585    Region$$Table       anon$$obj.o


    Execution Region RW_IRAM1 (Base: 0x20000000, Size: 0x00002060, Max: 0x00020000, ABSOLUTE, COMPRESSED[0x00000098])

    Base Addr    Size         Type   Attr      Idx    E Section Name        Object

    0x20000000   0x00000055   Data   RW           11    .data               main.o
    0x20000055   0x00000003   PAD
    0x20000058   0x00000060   Data   RW          243    .data               sd_card.o
    0x200000b8   0x000000ec   Data   RW          649    .data               dev_mpu9250.o
    0x200001a4   0x00000010   Data   RW         3459    .data               stm32f4xx_rcc.o
    0x200001b4   0x00000060   Data   RW         5610    .data               cfg_func_f407.o
    0x20000214   0x00000014   Data   RW         5735    .data               system_stm32f4xx.o
    0x20000228   0x00000054   Data   RW         5790    .data               stm32f4xx_it.o
    0x2000027c   0x00000058   Data   RW         6257    .data               f4_pwm.o
    0x200002d4   0x0000003a   Zero   RW            9    .bss                main.o
    0x2000030e   0x00000002   PAD
    0x20000310   0x00000240   Zero   RW          647    .bss                dev_mpu9250.o
    0x20000550   0x000006ac   Zero   RW         5608    .bss                cfg_func_f407.o
    0x20000bfc   0x00000060   Zero   RW         6444    .bss                c_w.l(libspace.o)
    0x20000c5c   0x00000004   PAD
    0x20000c60   0x00001000   Zero   RW         5771    HEAP                startup_stm32f40_41xxx.o
    0x20001c60   0x00000400   Zero   RW         5770    STACK               startup_stm32f40_41xxx.o


==============================================================================

Image component sizes


      Code (inc. data)   RO Data    RW Data    ZI Data      Debug   Object Name

      1028        110          0         96       1708      33514   cfg_func_f407.o
      2936        160          0        236        576       9748   dev_mpu9250.o
       480         24          0         88          0       2295   f4_pwm.o
       712        106        313         85         58     316422   main.o
       140         24          0          0          0       1439   misc.o
      2114         42        552          0          0       9078   oledspi.o
       444         22          0         96          0      10350   sd_card.o
       758         34          0          0          0       6979   soft_iic.o
        64         26        392          0       5120        812   startup_stm32f40_41xxx.o
       688         58          0          0          0       5971   stm32f4xx_dma.o
       240          0          0          0          0       3291   stm32f4xx_gpio.o
       274         40          0         84          0       4506   stm32f4xx_it.o
       328         36          0         16          0       4411   stm32f4xx_rcc.o
        80         14          0          0          0       3349   stm32f4xx_sdio.o
       910         66          0          0          0      11093   stm32f4xx_tim.o
       382          8          0          0          0       4392   stm32f4xx_usart.o
       340         32          0         20          0       1697   system_stm32f4xx.o

    ----------------------------------------------------------------------
     11946        802       1294        724       7464     429347   Object Totals
         0          0         32          0          0          0   (incl. Generated)
        28          0          5          3          2          0   (incl. Padding)

    ----------------------------------------------------------------------

      Code (inc. data)   RO Data    RW Data    ZI Data      Debug   Library Member Name

        90          0          0          0          0          0   __dczerorl2.o
         8          0          0          0          0         68   __main.o
         0          0          0          0          0          0   __rtentry.o
        12          0          0          0          0          0   __rtentry2.o
         6          0          0          0          0          0   __rtentry4.o
        52          8          0          0          0          0   __scatter.o
        28          0          0          0          0          0   __scatter_zi.o
        22          0          0          0          0        100   _rserrno.o
        12          0          0          0          0         72   exit.o
         6          0          0          0          0        152   heapauxi.o
         0          0          0          0          0          0   indicate_semi.o
         2          0          0          0          0          0   libinit.o
         6          0          0          0          0          0   libinit2.o
         2          0          0          0          0          0   libshutdown.o
         2          0          0          0          0          0   libshutdown2.o
         8          4          0          0         96         68   libspace.o
         8          4          0          0          0         68   rt_errno_addr_intlibspace.o
       138          0          0          0          0         68   rt_memcpy_v6.o
       100          0          0          0          0         80   rt_memcpy_w.o
         2          0          0          0          0          0   rtexit.o
        10          0          0          0          0          0   rtexit2.o
        12          4          0          0          0         68   sys_exit.o
        74          0          0          0          0         80   sys_stackheap_outer.o
         2          0          0          0          0         68   use_no_semi.o
        98          4          0          0          0        140   d2f.o
        24          0          0          0          0        116   dcmpi.o
       120          4          0          0          0        140   dleqf.o
       156          4          0          0          0        140   dnaninf.o
        12          0          0          0          0        116   dretinf.o
       408         56          0          0          0        168   dsqrt_umaal.o
        86          4          0          0          0        132   f2d.o
       140          4          0          0          0        132   fnaninf.o
        10          0          0          0          0        116   fpinit.o
        10          0          0          0          0        116   fretinf.o
         0          0          0          0          0          0   usenofp.o
       300         42          0          0          0        176   asinf.o
       592         90          0          0          0        184   atan2f.o
       336         56          0          0          0        136   cosf.o
        38          0          0          0          0        116   fpclassifyf.o
        44         12          0          0          0        464   funder.o
       340         24         32          0          0        160   rredf.o
       122          0          0          0          0        148   sqrt.o
        62          0          0          0          0        136   sqrtf.o
       380         58          0          0          0        200   tanf.o

    ----------------------------------------------------------------------
      3896        378         32          0        100       3928   Library Totals
        16          0          0          0          4          0   (incl. Padding)

    ----------------------------------------------------------------------

      Code (inc. data)   RO Data    RW Data    ZI Data      Debug   Library Name

       602         20          0          0         96        892   c_w.l
      1064         76          0          0          0       1316   fz_wm.l
      2214        282         32          0          0       1720   m_wm.l

    ----------------------------------------------------------------------
      3896        378         32          0        100       3928   Library Totals

    ----------------------------------------------------------------------

==============================================================================


      Code (inc. data)   RO Data    RW Data    ZI Data      Debug   

     15842       1180       1326        724       7564     420111   Grand Totals
     15842       1180       1326        152       7564     420111   ELF Image Totals (compressed)
     15842       1180       1326        152          0          0   ROM Totals

==============================================================================

    Total RO  Size (Code + RO Data)                17168 (  16.77kB)
    Total RW  Size (RW Data + ZI Data)              8288 (   8.09kB)
    Total ROM Size (Code + RO Data + RW Data)      17320 (  16.91kB)

==============================================================================

